C51 COMPILER V9.56.0.0   INIT                                                              02/01/2018 16:07:20 PAGE 1   


C51 COMPILER V9.56.0.0, COMPILATION OF MODULE INIT
OBJECT MODULE PLACED IN .\Objects\init.obj
COMPILER INVOKED BY: C:\Keil_v5\C51\BIN\C51.EXE User\init.c OPTIMIZE(8,SPEED) BROWSE INCDIR(.\User;.\Option File) DEBUG 
                    -OBJECTEXTEND PRINT(.\Listings\init.lst) TABS(2) OBJECT(.\Objects\init.obj)

line level    source

   1          #include "init.h"
   2          #include "Error_Check.h"
   3          #include "UART.h"
   4          #include "EEPROM.h"
   5          #include "delay.h"
   6          #include "ADC.h"
   7          #include "Flash_Control.h"
   8          #include "key.h"
   9          //#include ""
  10          
  11          extern volatile uint32_t Flash_Times;
  12          extern volatile uint32_t Flash_Times1;
  13          extern volatile uint32_t Flash_Times2;
  14          extern volatile uint32_t Flash_Times3;
  15          
  16          extern uint8_t Lamp_Type;
  17          extern uint8_t Flash_Times_Level;
  18          extern uint8_t Low_Lamp;
  19          extern uint8_t Mode_Type;
  20          extern uint8_t EEPROM_ERROR_Flag;
  21          //uint8_t Low_Lamp_count=0;
  22          void Init_Fun(void)
  23          {
  24   1        //uint8_t read_count= 0;
  25   1        //  uint8_t temp[4];
  26   1        UART_SEND; 
  27   1        Key_IO_Init();  
  28   1        Flash_IO_Init();
  29   1        EEPROM_IO();
  30   1        Delay_Init();
  31   1        Uart_Init();
  32   1        ADC_Init_Fun();   
  33   1        Cartridge_Type_Check();                     
  34   1        UART_RECEIVE;
  35   1        Mode_Type = Standard_Mode;
  36   1        Full_Charge_LED_On; 
  37   1        Delay_ms(1000);
  38   1        Full_Charge_LED_Off;
  39   1        //Write_Num_TO_EEPROM(89990);
  40   1        //EEPROM_Read_Data(temp,0x0000,4);
  41   1        Flash_Times1 = Read_Num_From_EEPROM();  
  42   1        Flash_Times2 = Read_Num_From_EEPROM();
  43   1        Flash_Times3 = Read_Num_From_EEPROM();
  44   1        if(Flash_Times1==Flash_Times2)
  45   1        {
  46   2          Flash_Times = Flash_Times1;
  47   2        }else{
  48   2            if(Flash_Times3==Flash_Times2)
  49   2            {
  50   3              Flash_Times = Flash_Times2;
  51   3            }else{
  52   3              Flash_Times = Read_Num_From_EEPROM();
  53   3            }
  54   2          }
C51 COMPILER V9.56.0.0   INIT                                                              02/01/2018 16:07:20 PAGE 2   

  55   1        
  56   1        //while(Flash_Times == 0)
  57   1        //{
  58   1          //Flash_Times = Read_Num_From_EEPROM(); 
  59   1          //read_count++;
  60   1          //if(read_count==10)    
  61   1          //{
  62   1            //break;
  63   1            //set error;
  64   1          //}
  65   1        //} 
  66   1        if(!EEPROM_ERROR_Flag)
  67   1        { 
  68   2          if(Flash_Times > Flash_Times_Level9)  //>99999
  69   2          {             
  70   3              Low_Lamp = 1;
  71   3              Flash_Times_Level = 9;
  72   3          }else{
  73   3            Low_Lamp = 0;
  74   3            if(Flash_Times > Flash_Times_Level8) //>89999 : 90000 ~ 99999
  75   3            {
  76   4              Flash_Times_Level = Flash_Times_Level_1;
  77   4            }else{
  78   4              if(Flash_Times > Flash_Times_Level7) // >79999 : 80000 ~ 89999
  79   4              {
  80   5                Flash_Times_Level = Flash_Times_Level_2;
  81   5              }else{
  82   5                if(Flash_Times > Flash_Times_Level6) //>69999 : 70000 ~ 79999
  83   5                {
  84   6                  Flash_Times_Level = Flash_Times_Level_3;
  85   6                }else{
  86   6                  if(Flash_Times >= Flash_Times_Level5) //>59999 : 60000 ~ 69999
  87   6                  {
  88   7                    Flash_Times_Level = Flash_Times_Level_4;
  89   7                  }else{
  90   7                    if(Flash_Times >= Flash_Times_Level4) //>49999 : 50000 ~ 59999
  91   7                    {
  92   8                      Flash_Times_Level = Flash_Times_Level_5;
  93   8                    }else{
  94   8                      if(Flash_Times >= Flash_Times_Level3) //>39999 : 40000 ~ 49999
  95   8                      {
  96   9                        Flash_Times_Level = Flash_Times_Level_6;
  97   9                      }else{
  98   9                        if(Flash_Times >= Flash_Times_Level2) //>29999 : 30000 ~ 39999
  99   9                        {
 100  10                          Flash_Times_Level = Flash_Times_Level_7;
 101  10                        }else{
 102  10                          if(Flash_Times > Flash_Times_Level1) //>19999 : 20000 ~ 29999
 103  10                          {
 104  11                            Flash_Times_Level = Flash_Times_Level_8;
 105  11                          }else{                               //>=0 : 0~19999
 106  11                            Flash_Times_Level = Flash_Times_Level_9;
 107  11                          }                 
 108  10                        }
 109   9                      }
 110   8                    }
 111   7                  }
 112   6                }
 113   5              }
 114   4            }
 115   3          } 
 116   2        }
C51 COMPILER V9.56.0.0   INIT                                                              02/01/2018 16:07:20 PAGE 3   

 117   1      }


MODULE INFORMATION:   STATIC OVERLAYABLE
   CODE SIZE        =    385    ----
   CONSTANT SIZE    =   ----    ----
   XDATA SIZE       =   ----    ----
   PDATA SIZE       =   ----    ----
   DATA SIZE        =   ----    ----
   IDATA SIZE       =   ----    ----
   BIT SIZE         =   ----    ----
END OF MODULE INFORMATION.


C51 COMPILATION COMPLETE.  0 WARNING(S),  0 ERROR(S)
