###############################################################################
#
# IAR ELF Linker V2.20.1.176 for STM8                     25/May/2018  17:04:29
# Copyright 2010-2015 IAR Systems AB.
#
#    Output file  =  
#        E:\work cxy\project\PL\PL3000_STM8\Debug\Exe\PL3000_STM8S.out
#    Map file     =  
#        E:\work cxy\project\PL\PL3000_STM8\Debug\List\PL3000_STM8S.map
#    Command line =  
#        "E:\work cxy\project\PL\PL3000_STM8\Debug\Obj\ADC.o" "E:\work
#        cxy\project\PL\PL3000_STM8\Debug\Obj\Bluetooth.o" "E:\work
#        cxy\project\PL\PL3000_STM8\Debug\Obj\clock_config.o" "E:\work
#        cxy\project\PL\PL3000_STM8\Debug\Obj\delay.o" "E:\work
#        cxy\project\PL\PL3000_STM8\Debug\Obj\error_chk.o" "E:\work
#        cxy\project\PL\PL3000_STM8\Debug\Obj\flash_times.o" "E:\work
#        cxy\project\PL\PL3000_STM8\Debug\Obj\GPIO_Config.o" "E:\work
#        cxy\project\PL\PL3000_STM8\Debug\Obj\HV_Charge.o" "E:\work
#        cxy\project\PL\PL3000_STM8\Debug\Obj\KEY_FTC332.o" "E:\work
#        cxy\project\PL\PL3000_STM8\Debug\Obj\LED.o" "E:\work
#        cxy\project\PL\PL3000_STM8\Debug\Obj\main.o" "E:\work
#        cxy\project\PL\PL3000_STM8\Debug\Obj\protocol.o" "E:\work
#        cxy\project\PL\PL3000_STM8\Debug\Obj\stm8s_adc1.o" "E:\work
#        cxy\project\PL\PL3000_STM8\Debug\Obj\stm8s_awu.o" "E:\work
#        cxy\project\PL\PL3000_STM8\Debug\Obj\stm8s_beep.o" "E:\work
#        cxy\project\PL\PL3000_STM8\Debug\Obj\stm8s_clk.o" "E:\work
#        cxy\project\PL\PL3000_STM8\Debug\Obj\stm8s_exti.o" "E:\work
#        cxy\project\PL\PL3000_STM8\Debug\Obj\stm8s_flash.o" "E:\work
#        cxy\project\PL\PL3000_STM8\Debug\Obj\stm8s_gpio.o" "E:\work
#        cxy\project\PL\PL3000_STM8\Debug\Obj\stm8s_i2c.o" "E:\work
#        cxy\project\PL\PL3000_STM8\Debug\Obj\stm8s_it.o" "E:\work
#        cxy\project\PL\PL3000_STM8\Debug\Obj\stm8s_itc.o" "E:\work
#        cxy\project\PL\PL3000_STM8\Debug\Obj\stm8s_iwdg.o" "E:\work
#        cxy\project\PL\PL3000_STM8\Debug\Obj\stm8s_rst.o" "E:\work
#        cxy\project\PL\PL3000_STM8\Debug\Obj\stm8s_spi.o" "E:\work
#        cxy\project\PL\PL3000_STM8\Debug\Obj\stm8s_tim1.o" "E:\work
#        cxy\project\PL\PL3000_STM8\Debug\Obj\stm8s_tim2.o" "E:\work
#        cxy\project\PL\PL3000_STM8\Debug\Obj\stm8s_tim3.o" "E:\work
#        cxy\project\PL\PL3000_STM8\Debug\Obj\stm8s_tim4.o" "E:\work
#        cxy\project\PL\PL3000_STM8\Debug\Obj\stm8s_uart2.o" "E:\work
#        cxy\project\PL\PL3000_STM8\Debug\Obj\stm8s_wwdg.o" "E:\work
#        cxy\project\PL\PL3000_STM8\Debug\Obj\UART.o" --redirect
#        _Printf=_PrintfFullNoMb --redirect _Scanf=_ScanfFullNoMb -o "E:\work
#        cxy\project\PL\PL3000_STM8\Debug\Exe\PL3000_STM8S.out" --map "E:\work
#        cxy\project\PL\PL3000_STM8\Debug\List\PL3000_STM8S.map" --log
#        libraries,initialization,modules,redirects,sections,unused_fragments
#        --log_file "E:\work
#        cxy\project\PL\PL3000_STM8\Debug\List\PL3000_STM8S.log" --config
#        "C:\Program Files\IAR Systems\Embedded Workbench
#        7.3\stm8\config\lnkstm8s105c4.icf" --config_def _CSTACK_SIZE=0x100
#        --config_def _HEAP_SIZE=0x100 --entry __iar_program_start --debug_lib
#
###############################################################################

*******************************************************************************
*** RUNTIME MODEL ATTRIBUTES
***

__Heap_Handler             = Basic
__SystemLibrary            = DLib
__code_model               = small
__core                     = stm8
__data_model               = medium
__dlib_file_descriptor     = 1
__dlib_full_locale_support = 1
__rt_version               = 4


*******************************************************************************
*** PLACEMENT SUMMARY
***

"A1":  place at start of [0x000000-0x0000ff] { rw section .vregs };
"A2":  place at end of [0x000000-0x0007ff] { block CSTACK };
"P2":  place in [from 0x000000 to 0x0007ff] {
          block HEAP, rw section __DLIB_PERTHREAD, rw section .far.bss,
          rw section .far.data, rw section .far.noinit,
          rw section .far_func.textrw, rw section .huge.bss,
          rw section .huge.data, rw section .huge.noinit,
          rw section .huge_func.textrw, rw section .iar.dynexit,
          rw section .near.bss, rw section .near.data, rw section .near.noinit,
          rw section .near_func.textrw };
"A3":  place at start of [0x008000-0x00bfff] { block INTVEC };
"P3":  place in [from 0x008000 to 0x00bfff] {
          ro section __DLIB_PERTHREAD_init, ro section .far.data_init,
          ro section .far_func.textrw_init, ro section .huge.data_init,
          ro section .huge_func.textrw_init, ro section .iar.init_table,
          ro section .init_array, ro section .near.data_init,
          ro section .near.rodata, ro section .near_func.text,
          ro section .near_func.textrw_init, ro section .tiny.data_init,
          ro section .tiny.rodata_init };

  Section            Kind      Address    Size  Object
  -------            ----      -------    ----  ------
"A1":                                     0x10
  .vregs             uninit   0x000000    0x10  vregs.o [4]
                            - 0x000010    0x10

"P2", part 1 of 2:                        0x5c
  P2-1                        0x000010    0x5c  <Init block>
    .near.data       inited   0x000010     0x1  GPIO_Config.o [1]
    .near.data       inited   0x000011     0x2  HV_Charge.o [1]
    .near.data       inited   0x000013     0x1  KEY_FTC332.o [1]
    .near.data       inited   0x000014     0x1  KEY_FTC332.o [1]
    .near.data       inited   0x000015     0x1  LED.o [1]
    .near.data       inited   0x000016    0x2e  localeconv.o [4]
    .near.data       inited   0x000044    0x28  xfiles.o [4]
                            - 0x00006c    0x5c

"P2", part 2 of 2:                        0xba
  .near.bss          zero     0x00006c    0x50  xfiles.o [4]
  .near.bss          zero     0x0000bc     0xf  stm8s_it.o [1]
  .near.bss          zero     0x0000cb     0x9  HV_Charge.o [1]
  .near.bss          zero     0x0000d4     0x3  Bluetooth.o [1]
  .near.bss          zero     0x0000d7     0x2  HV_Charge.o [1]
  .near.bss          zero     0x0000d9     0x2  HV_Charge.o [1]
  .near.bss          zero     0x0000db     0x2  HV_Charge.o [1]
  .near.bss          zero     0x0000dd     0x2  HV_Charge.o [1]
  .near.bss          zero     0x0000df     0x2  HV_Charge.o [1]
  .near.bss          zero     0x0000e1     0x2  KEY_FTC332.o [1]
  .near.bss          zero     0x0000e3     0x2  KEY_FTC332.o [1]
  .near.bss          zero     0x0000e5     0x2  LED.o [1]
  .near.bss          zero     0x0000e7     0x2  localeconv.o [4]
  .near.bss          zero     0x0000e9     0x1  Bluetooth.o [1]
  .near.bss          zero     0x0000ea     0x1  error_chk.o [1]
  .near.bss          zero     0x0000eb     0x1  error_chk.o [1]
  .near.bss          zero     0x0000ec     0x1  flash_times.o [1]
  .near.bss          zero     0x0000ed     0x1  HV_Charge.o [1]
  .near.bss          zero     0x0000ee     0x1  HV_Charge.o [1]
  .near.bss          zero     0x0000ef     0x1  HV_Charge.o [1]
  .near.bss          zero     0x0000f0     0x1  HV_Charge.o [1]
  .near.bss          zero     0x0000f1     0x1  HV_Charge.o [1]
  .near.bss          zero     0x0000f2     0x1  HV_Charge.o [1]
  .near.bss          zero     0x0000f3     0x1  HV_Charge.o [1]
  .near.bss          zero     0x0000f4     0x1  HV_Charge.o [1]
  .near.bss          zero     0x0000f5     0x1  KEY_FTC332.o [1]
  .near.bss          zero     0x0000f6     0x1  KEY_FTC332.o [1]
  .near.bss          zero     0x0000f7     0x1  KEY_FTC332.o [1]
  .near.bss          zero     0x0000f8     0x1  KEY_FTC332.o [1]
  .near.bss          zero     0x0000f9     0x1  KEY_FTC332.o [1]
  .near.bss          zero     0x0000fa     0x1  KEY_FTC332.o [1]
  .near.bss          zero     0x0000fb     0x1  KEY_FTC332.o [1]
  .near.bss          zero     0x0000fc     0x1  KEY_FTC332.o [1]
  .near.bss          zero     0x0000fd     0x1  KEY_FTC332.o [1]
  .near.bss          zero     0x0000fe     0x1  KEY_FTC332.o [1]
  .near.bss          zero     0x0000ff     0x1  KEY_FTC332.o [1]
  .near.bss          zero     0x000100     0x1  KEY_FTC332.o [1]
  .near.bss          zero     0x000101     0x1  KEY_FTC332.o [1]
  .near.bss          zero     0x000102     0x1  KEY_FTC332.o [1]
  .near.bss          zero     0x000103     0x1  KEY_FTC332.o [1]
  .near.bss          zero     0x000104     0x1  KEY_FTC332.o [1]
  .near.bss          zero     0x000105     0x1  KEY_FTC332.o [1]
  .near.bss          zero     0x000106     0x1  KEY_FTC332.o [1]
  .near.bss          zero     0x000107     0x1  KEY_FTC332.o [1]
  .near.bss          zero     0x000108     0x1  KEY_FTC332.o [1]
  .near.bss          zero     0x000109     0x1  KEY_FTC332.o [1]
  .near.bss          zero     0x00010a     0x1  KEY_FTC332.o [1]
  .near.bss          zero     0x00010b     0x1  KEY_FTC332.o [1]
  .near.bss          zero     0x00010c     0x1  KEY_FTC332.o [1]
  .near.bss          zero     0x00010d     0x1  KEY_FTC332.o [1]
  .near.bss          zero     0x00010e     0x1  KEY_FTC332.o [1]
  .near.bss          zero     0x00010f     0x1  KEY_FTC332.o [1]
  .near.bss          zero     0x000110     0x1  KEY_FTC332.o [1]
  .near.bss          zero     0x000111     0x1  KEY_FTC332.o [1]
  .near.bss          zero     0x000112     0x1  KEY_FTC332.o [1]
  .near.bss          zero     0x000113     0x1  KEY_FTC332.o [1]
  .near.bss          zero     0x000114     0x1  KEY_FTC332.o [1]
  .near.bss          zero     0x000115     0x1  KEY_FTC332.o [1]
  .near.bss          zero     0x000116     0x1  KEY_FTC332.o [1]
  .near.bss          zero     0x000117     0x1  LED.o [1]
  .near.bss          zero     0x000118     0x1  LED.o [1]
  .near.bss          zero     0x000119     0x1  LED.o [1]
  .near.bss          zero     0x00011a     0x1  protocol.o [1]
  .near.bss          zero     0x00011b     0x1  protocol.o [1]
  .near.bss          zero     0x00011c     0x1  protocol.o [1]
  .near.bss          zero     0x00011d     0x1  protocol.o [1]
  .near.bss          zero     0x00011e     0x1  protocol.o [1]
  .near.bss          zero     0x00011f     0x1  protocol.o [1]
  .near.bss          zero     0x000120     0x1  stm8s_it.o [1]
  .near.bss          zero     0x000121     0x1  stm8s_it.o [1]
  .near.bss          zero     0x000122     0x1  stm8s_it.o [1]
  .near.bss          zero     0x000123     0x1  stm8s_it.o [1]
  .near.bss          zero     0x000124     0x1  stm8s_it.o [1]
  .near.bss          zero     0x000125     0x1  stm8s_it.o [1]
                            - 0x000126    0xba

"A2":                                    0x100
  CSTACK                      0x000700   0x100  <Block>
    CSTACK           uninit   0x000700   0x100  <Block tail>
                            - 0x000800   0x100

"A3":                                     0x80
  INTVEC                      0x008000    0x80  <Block>
    .intvec          const    0x008000    0x80  interrupt.o [4]
                            - 0x008080    0x80

"P3":                                   0x3ed2
  .near_func.text    ro code  0x008080   0x460  float.o [4]
  .near_func.text    ro code  0x0084e0   0x45a  xprintffull_nomb.o [4]
  .near_func.text    ro code  0x00893a   0x426  xprintffull_nomb.o [4]
  .near_func.text    ro code  0x008d60   0x39c  KEY_FTC332.o [1]
  .near_func.text    ro code  0x0090fc   0x389  xprintffull_nomb.o [4]
  .near_func.text    ro code  0x009485   0x2ab  KEY_FTC332.o [1]
  .near_func.text    ro code  0x009730   0x2a6  HV_Charge.o [1]
  .near_func.text    ro code  0x0099d6   0x271  LED.o [1]
  .near_func.text    ro code  0x009c47   0x1fa  LED.o [1]
  .near_func.text    ro code  0x009e41   0x1ed  HV_Charge.o [1]
  .near_func.text    ro code  0x00a02e   0x1e8  long.o [4]
  .near_func.text    ro code  0x00a216   0x171  xprintffull_nomb.o [4]
  .near_func.text    ro code  0x00a387   0x161  float_libsup.o [4]
  .near_func.text    ro code  0x00a4e8   0x13a  stm8s_uart2.o [1]
  .near_func.text    ro code  0x00a622   0x126  vreg_util.o [4]
  .near_func.text    ro code  0x00a748   0x120  ADC.o [1]
  .near_func.text    ro code  0x00a868   0x110  KEY_FTC332.o [1]
  .near.rodata       const    0x00a978   0x100  protocol.o [1]
  .near_func.text    ro code  0x00aa78    0xfa  protocol.o [1]
  .near_func.text    ro code  0x00ab72    0xf3  Bluetooth.o [1]
  .near_func.text    ro code  0x00ac65    0xd6  KEY_FTC332.o [1]
  .near_func.text    ro code  0x00ad3b    0xc1  LED.o [1]
  .near_func.text    ro code  0x00adfc    0xb2  HV_Charge.o [1]
  .near_func.text    ro code  0x00aeae    0xaf  stm8s_gpio.o [1]
  .near_func.text    ro code  0x00af5d    0xa8  KEY_FTC332.o [1]
  .near_func.text    ro code  0x00b005    0xa6  KEY_FTC332.o [1]
  .near_func.text    ro code  0x00b0ab    0x9d  LED.o [1]
  .near_func.text    ro code  0x00b148    0x9b  protocol.o [1]
  .near_func.text    ro code  0x00b1e3    0x8c  stm8s_uart2.o [1]
  .near_func.text    ro code  0x00b26f    0x86  Bluetooth.o [1]
  .near_func.text    ro code  0x00b2f5    0x7e  stm8s_it.o [1]
  .near_func.text    ro code  0x00b373    0x7b  KEY_FTC332.o [1]
  .near_func.text    ro code  0x00b3ee    0x72  long_util.o [4]
  .near_func.text    ro code  0x00b460    0x64  protocol.o [1]
  .near_func.text    ro code  0x00b4c4    0x5e  GPIO_Config.o [1]
  Initializer bytes  const    0x00b522    0x5c  <for P2-1>
  .near_func.text    ro code  0x00b57e    0x57  stm8s_clk.o [1]
  .near_func.text    ro code  0x00b5d5    0x4b  short.o [4]
  .near_func.text    ro code  0x00b620    0x49  KEY_FTC332.o [1]
  .near_func.text    ro code  0x00b669    0x49  stm8s_uart2.o [1]
  .near_func.text    ro code  0x00b6b2    0x49  UART.o [1]
  .near_func.text    ro code  0x00b6fb    0x43  xprintffull_nomb.o [4]
  .near_func.text    ro code  0x00b73e    0x43  xprintffull_nomb.o [4]
  .near_func.text    ro code  0x00b781    0x41  GPIO_Config.o [1]
  .near_func.text    ro code  0x00b7c2    0x41  KEY_FTC332.o [1]
  .near_func.text    const    0x00b803    0x3c  xprintffull_nomb.o [4]
  .near_func.text    ro code  0x00b83f    0x3a  HV_Charge.o [1]
  .near_func.text    ro code  0x00b879    0x39  ADC.o [1]
  .near_func.text    ro code  0x00b8b2    0x37  KEY_FTC332.o [1]
  .near_func.text    ro code  0x00b8e9    0x37  KEY_FTC332.o [1]
  .near_func.text    ro code  0x00b920    0x37  xprintffull_nomb.o [4]
  .near_func.text    ro code  0x00b957    0x33  xprintffull_nomb.o [4]
  .near_func.text    ro code  0x00b98a    0x32  delay.o [1]
  .near_func.text    ro code  0x00b9bc    0x30  stm8s_clk.o [1]
  .near_func.text    ro code  0x00b9ec    0x30  div.o [4]
  .near_func.text    ro code  0x00ba1c    0x2f  xprintffull_nomb.o [4]
  .near_func.text    ro code  0x00ba4b    0x2c  dc_util.o [4]
  .near_func.text    ro code  0x00ba77    0x2b  error_chk.o [1]
  .near_func.text    ro code  0x00baa2    0x28  init_small.o [4]
  .near_func.text    ro code  0x00baca    0x27  protocol.o [1]
  .near_func.text    ro code  0x00baf1    0x25  memcpy.o [4]
  .near_func.text    ro code  0x00bb16    0x23  stm8s_uart2.o [1]
  .near_func.text    ro code  0x00bb39    0x22  main.o [1]
  .near_func.text    ro code  0x00bb5b    0x21  KEY_FTC332.o [1]
  .iar.init_table    const    0x00bb7c    0x12  - Linker created -
  .near_func.text    ro code  0x00bb8e    0x20  printf.o [4]
  .near_func.text    ro code  0x00bbae    0x1f  stm8s_it.o [1]
  .near_func.text    ro code  0x00bbcd    0x1e  init_small.o [4]
  .near_func.text    ro code  0x00bbeb    0x1c  flash_times.o [1]
  .near_func.text    ro code  0x00bc07    0x1b  xprout.o [4]
  .near_func.text    ro code  0x00bc22    0x19  KEY_FTC332.o [1]
  .near_func.text    ro code  0x00bc3b    0x19  stm8s_uart2.o [1]
  .near_func.text    ro code  0x00bc54    0x19  UART.o [1]
  .near_func.text    ro code  0x00bc6d    0x18  memchr.o [4]
  .near_func.text    ro code  0x00bc85    0x17  error_chk.o [1]
  .near_func.text    ro code  0x00bc9c    0x17  init.o [4]
  .near_func.text    ro code  0x00bcb3    0x16  KEY_FTC332.o [1]
  .near_func.text    ro code  0x00bcc9    0x15  stm8s_it.o [1]
  .near_func.text    ro code  0x00bcde    0x15  strchr.o [4]
  .near_func.text    ro code  0x00bcf3    0x14  xprintffull_nomb.o [4]
  .near_func.text    ro code  0x00bd07    0x14  __dbg_xxexit.o [3]
  .near_func.text    ro code  0x00bd1b    0x13  stm8s_clk.o [1]
  .near_func.text    ro code  0x00bd2e    0x13  cstartup.o [4]
  .near_func.text    ro code  0x00bd41    0x12  clock_config.o [1]
  .near_func.text    ro code  0x00bd53    0x12  error_chk.o [1]
  .near_func.text    ro code  0x00bd65    0x12  strlen.o [4]
  .near_func.text    ro code  0x00bd77    0x10  xprintffull_nomb.o [4]
  .near_func.text    ro code  0x00bd87     0xf  KEY_FTC332.o [1]
  .near.rodata       const    0x00bd96     0xe  Bluetooth.o [1]
  .near_func.text    ro code  0x00bda4     0xe  UART.o [1]
  .near_func.text    ro code  0x00bdb2     0xd  KEY_FTC332.o [1]
  .near_func.text    ro code  0x00bdbf     0xd  KEY_FTC332.o [1]
  .near_func.text    ro code  0x00bdcc     0xd  KEY_FTC332.o [1]
  .near_func.text    ro code  0x00bdd9     0xd  KEY_FTC332.o [1]
  .near_func.text    ro code  0x00bde6     0xd  stm8s_beep.o [1]
  .near_func.text    ro code  0x00bdf3     0xd  stm8s_clk.o [1]
  .near_func.text    ro code  0x00be00     0xd  stm8s_clk.o [1]
  .near_func.text    ro code  0x00be0d     0xd  stm8s_uart2.o [1]
  .near_func.text    ro code  0x00be1a     0xd  localeconv.o [4]
  .near_func.text    ro code  0x00be27     0xd  move.o [4]
  .near_func.text    ro code  0x00be34     0xc  delay.o [1]
  .near_func.text    ro code  0x00be40     0xc  switch.o [4]
  .near_func.text    ro code  0x00be4c     0xb  xprintffull_nomb.o [4]
  .near_func.text    ro code  0x00be57     0xb  xprintffull_nomb.o [4]
  .near_func.text    ro code  0x00be62     0xa  xprintffull_nomb.o [4]
  .near_func.text    ro code  0x00be6c     0xa  xprintffull_nomb.o [4]
  .near_func.text    ro code  0x00be76     0xa  xprintffull_nomb.o [4]
  .near.rodata       const    0x00be80     0x9  Bluetooth.o [1]
  .near.rodata       const    0x00be89     0x9  Bluetooth.o [1]
  .near_func.text    ro code  0x00be92     0x9  xprintffull_nomb.o [4]
  .near_func.text    ro code  0x00be9b     0x9  xprintffull_nomb.o [4]
  .near_func.text    ro code  0x00bea4     0x9  xprintffull_nomb.o [4]
  .near_func.text    ro code  0x00bead     0x8  xprintffull_nomb.o [4]
  .near_func.text    ro code  0x00beb5     0x8  xprintffull_nomb.o [4]
  .near.rodata       const    0x00bebd     0x7  xprintffull_nomb.o [4]
  .near_func.text    ro code  0x00bec4     0x7  xprintffull_nomb.o [4]
  .near_func.text    ro code  0x00becb     0x7  xprintffull_nomb.o [4]
  .near_func.text    ro code  0x00bed2     0x7  xprintffull_nomb.o [4]
  .near_func.text    ro code  0x00bed9     0x7  putchar.o [4]
  .near.rodata       const    0x00bee0     0x6  localeconv.o [4]
  .near_func.text    ro code  0x00bee6     0x6  xprintffull_nomb.o [4]
  .near_func.text    ro code  0x00beec     0x6  xprintffull_nomb.o [4]
  .near_func.text    ro code  0x00bef2     0x6  xprintffull_nomb.o [4]
  .near_func.text    ro code  0x00bef8     0x6  xprintffull_nomb.o [4]
  .near.rodata       const    0x00befe     0x5  localeconv.o [4]
  .near_func.text    ro code  0x00bf03     0x5  xprintffull_nomb.o [4]
  .near_func.text    ro code  0x00bf08     0x5  cexit.o [4]
  .near.rodata       const    0x00bf0d     0x4  stm8s_clk.o [1]
  .near.rodata       const    0x00bf11     0x4  xprintffull_nomb.o [4]
  .near.rodata       const    0x00bf15     0x4  xprintffull_nomb.o [4]
  .near.rodata       const    0x00bf19     0x4  xprintffull_nomb.o [4]
  .near.rodata       const    0x00bf1d     0x4  xprintffull_nomb.o [4]
  .near_func.text    ro code  0x00bf21     0x4  stm8s_uart2.o [1]
  .near_func.text    ro code  0x00bf25     0x4  stm8s_uart2.o [1]
  .near.rodata       const    0x00bf29     0x3  Bluetooth.o [1]
  .near_func.text    ro code  0x00bf2c     0x3  interrupt.o [4]
  .near_func.text    ro code  0x00bf2f     0x3  low_level_init.o [4]
  .near_func.text    ro code  0x00bf32     0x3  exit.o [4]
  .near_func.text    ro code  0x00bf35     0x3  unhandled_exception.o [4]
  .near.rodata       const    0x00bf38     0x2  xprintffull_nomb.o [4]
  .near.rodata       const    0x00bf3a     0x2  localeconv.o [4]
  .near.rodata       const    0x00bf3c     0x1  localeconv.o [4]
  .near_func.text    ro code  0x00bf3d     0x1  Bluetooth.o [1]
  .near_func.text    ro code  0x00bf3e     0x1  stm8s_it.o [1]
  .near_func.text    ro code  0x00bf3f     0x1  stm8s_it.o [1]
  .near_func.text    ro code  0x00bf40     0x1  stm8s_it.o [1]
  .near_func.text    ro code  0x00bf41     0x1  stm8s_it.o [1]
  .near_func.text    ro code  0x00bf42     0x1  stm8s_it.o [1]
  .near_func.text    ro code  0x00bf43     0x1  stm8s_it.o [1]
  .near_func.text    ro code  0x00bf44     0x1  stm8s_it.o [1]
  .near_func.text    ro code  0x00bf45     0x1  stm8s_it.o [1]
  .near_func.text    ro code  0x00bf46     0x1  stm8s_it.o [1]
  .near_func.text    ro code  0x00bf47     0x1  stm8s_it.o [1]
  .near_func.text    ro code  0x00bf48     0x1  stm8s_it.o [1]
  .near_func.text    ro code  0x00bf49     0x1  stm8s_it.o [1]
  .near_func.text    ro code  0x00bf4a     0x1  stm8s_it.o [1]
  .near_func.text    ro code  0x00bf4b     0x1  stm8s_it.o [1]
  .near_func.text    ro code  0x00bf4c     0x1  stm8s_it.o [1]
  .near_func.text    ro code  0x00bf4d     0x1  stm8s_it.o [1]
  .near_func.text    ro code  0x00bf4e     0x1  stm8s_it.o [1]
  .near_func.text    ro code  0x00bf4f     0x1  stm8s_it.o [1]
  .near_func.text    ro code  0x00bf50     0x1  stm8s_it.o [1]
  .near_func.text    ro code  0x00bf51     0x1  __dbg_break.o [3]
                            - 0x00bf52  0x3ed2


*******************************************************************************
*** INIT TABLE
***

          Address   Size
          -------   ----
Zero (__iar_zero_init2)
    1 destination range, total size 0xba:
          0x00006c  0xba

Copy (__iar_copy_init2)
    1 source range, total size 0x5c:
          0x00b522  0x5c
    1 destination range, total size 0x5c:
          0x000010  0x5c



*******************************************************************************
*** MODULE SUMMARY
***

    Module                 ro code  ro data  rw data
    ------                 -------  -------  -------
E:\work cxy\project\PL\PL3000_STM8\Debug\Obj: [1]
    ADC.o                      345
    Bluetooth.o                378       35        4
    GPIO_Config.o              159        1        1
    HV_Charge.o              1 407        2       29
    KEY_FTC332.o             2 945        2       40
    LED.o                    1 481        1        6
    UART.o                     112
    clock_config.o              18
    delay.o                     62
    error_chk.o                 84                 2
    flash_times.o               28                 1
    main.o                      34
    protocol.o                 544      256        6
    stm8s_beep.o                13
    stm8s_clk.o                180        4
    stm8s_gpio.o               175
    stm8s_it.o                 197                21
    stm8s_uart2.o              608
    ------------------------------------------------
    Total:                   8 770      301      110

command line: [2]
    ------------------------------------------------
    Total:

dbgstm8smd.a: [3]
    __dbg_break.o                1
    __dbg_xxexit.o              20
    ------------------------------------------------
    Total:                      21

dlstm8smf.a: [4]
    cexit.o                      5
    cstartup.o                  19
    dc_util.o                   44
    div.o                       48
    exit.o                       3
    float.o                  1 120
    float_libsup.o             353
    init.o                      23
    init_small.o                70
    interrupt.o                  3      128
    localeconv.o                13       60       48
    long.o                     488
    long_util.o                114
    low_level_init.o             3
    memchr.o                    24
    memcpy.o                    37
    move.o                      13
    printf.o                    32
    putchar.o                    7
    short.o                     75
    strchr.o                    21
    strlen.o                    18
    switch.o                    12
    unhandled_exception.o        3
    vreg_util.o                294
    vregs.o                                       16
    xfiles.o                             40      120
    xprintffull_nomb.o       3 918       85
    xprout.o                    27
    ------------------------------------------------
    Total:                   6 787      313      184

    Linker created                       18      256
----------------------------------------------------
    Grand Total:            15 578      632      550


*******************************************************************************
*** ENTRY LIST
***

Entry                    Address   Size  Type      Object
-----                    -------   ----  ----      ------
.iar.init_table$$Base   0x00bb7c          --   Gb  - Linker created -
.iar.init_table$$Limit  0x00bb8e          --   Gb  - Linker created -
?and32_l0_l0_0x         0x00a1c0         Code  Gb  long.o [4]
?and32_l0_l0_l1         0x00a1bd         Code  Gb  long.o [4]
?b0                     0x000000         Data  Gb  vregs.o [4]
?b1                     0x000001         Data  Gb  vregs.o [4]
?b10                    0x00000a         Data  Gb  vregs.o [4]
?b11                    0x00000b         Data  Gb  vregs.o [4]
?b12                    0x00000c         Data  Gb  vregs.o [4]
?b13                    0x00000d         Data  Gb  vregs.o [4]
?b14                    0x00000e         Data  Gb  vregs.o [4]
?b15                    0x00000f         Data  Gb  vregs.o [4]
?b2                     0x000002         Data  Gb  vregs.o [4]
?b3                     0x000003         Data  Gb  vregs.o [4]
?b4                     0x000004         Data  Gb  vregs.o [4]
?b5                     0x000005         Data  Gb  vregs.o [4]
?b6                     0x000006         Data  Gb  vregs.o [4]
?b7                     0x000007         Data  Gb  vregs.o [4]
?b8                     0x000008         Data  Gb  vregs.o [4]
?b9                     0x000009         Data  Gb  vregs.o [4]
?dc32_l0                0x00ba52         Code  Gb  dc_util.o [4]
?dc32_l1                0x00ba5f         Code  Gb  dc_util.o [4]
?dc32_px                0x00ba6c         Code  Gb  dc_util.o [4]
?dc8_px                 0x00ba4b         Code  Gb  dc_util.o [4]
?e0                     0x000001         Data  Gb  vregs.o [4]
?e1                     0x000005         Data  Gb  vregs.o [4]
?e2                     0x000009         Data  Gb  vregs.o [4]
?e3                     0x00000d         Data  Gb  vregs.o [4]
?epilogue_l2            0x00a6bb         Code  Gb  vreg_util.o [4]
?epilogue_l2_l3         0x00a6b8         Code  Gb  vreg_util.o [4]
?epilogue_w4            0x00a6bf         Code  Gb  vreg_util.o [4]
?fadd32_l0_l0_l1        0x0080a3         Code  Gb  float.o [4]
?fcastf32s32_l0_l0      0x00839b         Code  Gb  float.o [4]
?fcastf32u32_l0_l0      0x0083a6         Code  Gb  float.o [4]
?fcasts32f32_l0_l0      0x00833a         Code  Gb  float.o [4]
?fcastu32f32_l0_l0      0x008323         Code  Gb  float.o [4]
?fcmpge32_c_l0_0x       0x0082c4         Code  Gb  float.o [4]
?fcmpge32_c_l0_dc32     0x0082bf         Code  Gb  float.o [4]
?fcmplt32_c_l0_0x       0x0082cd         Code  Gb  float.o [4]
?fcmplt32_c_l0_dc32     0x0082c8         Code  Gb  float.o [4]
?fdiv32_l0_l0_l1        0x008211         Code  Gb  float.o [4]
?fmul32_l0_l0_dc32      0x008171         Code  Gb  float.o [4]
?fmul32_l0_l0_l1        0x008176         Code  Gb  float.o [4]
?fsub32_l0_l0_l1        0x00809d         Code  Gb  float.o [4]
?l0                     0x000000         Data  Gb  vregs.o [4]
?l1                     0x000004         Data  Gb  vregs.o [4]
?l2                     0x000008         Data  Gb  vregs.o [4]
?l3                     0x00000c         Data  Gb  vregs.o [4]
?load32_0x_l0           0x00b433         Code  Gb  long_util.o [4]
?load32_0x_l2           0x00b452         Code  Gb  long_util.o [4]
?load32_asp_l0          0x00b427         Code  Gb  long_util.o [4]
?load32_asp_l2          0x00b446         Code  Gb  long_util.o [4]
?load32_dbsp_l0         0x00b422         Code  Gb  long_util.o [4]
?load32_dbsp_l2         0x00b441         Code  Gb  long_util.o [4]
?load32_l0_0x           0x00b3fe         Code  Gb  long_util.o [4]
?load32_l0_asp          0x00b3f3         Code  Gb  long_util.o [4]
?load32_l0_dbsp         0x00b3ee         Code  Gb  long_util.o [4]
?load32_l0_xsp          0x00b3f5         Code  Gb  long_util.o [4]
?load32_l1_0x           0x00b40a         Code  Gb  long_util.o [4]
?load32_l2_0x           0x00b416         Code  Gb  long_util.o [4]
?load32_xsp_l0          0x00b429         Code  Gb  long_util.o [4]
?load32_xsp_l2          0x00b448         Code  Gb  long_util.o [4]
?mov_e0_e1              0x00a6f0         Code  Gb  vreg_util.o [4]
?mov_e0_e2              0x00a6fd         Code  Gb  vreg_util.o [4]
?mov_e0_e3              0x00a70a         Code  Gb  vreg_util.o [4]
?mov_e1_e0              0x00a717         Code  Gb  vreg_util.o [4]
?mov_e1_e2              0x00a724         Code  Gb  vreg_util.o [4]
?mov_e2_e0              0x00a731         Code  Gb  vreg_util.o [4]
?mov_e3_e0              0x00a73e         Code  Gb  vreg_util.o [4]
?mov_l0_l1              0x00a6ed         Code  Gb  vreg_util.o [4]
?mov_l0_l2              0x00a6fa         Code  Gb  vreg_util.o [4]
?mov_l0_l3              0x00a707         Code  Gb  vreg_util.o [4]
?mov_l1_l0              0x00a714         Code  Gb  vreg_util.o [4]
?mov_l1_l2              0x00a721         Code  Gb  vreg_util.o [4]
?mov_l2_l0              0x00a72e         Code  Gb  vreg_util.o [4]
?mov_l3_l0              0x00a73b         Code  Gb  vreg_util.o [4]
?mov_w0_w5              0x00a6c3         Code  Gb  vreg_util.o [4]
?mov_w1_w3              0x00a6f3         Code  Gb  vreg_util.o [4]
?mov_w1_w5              0x00a700         Code  Gb  vreg_util.o [4]
?mov_w1_w7              0x00a70d         Code  Gb  vreg_util.o [4]
?mov_w2_w0              0x00a6ca         Code  Gb  vreg_util.o [4]
?mov_w2_w1              0x00a6d1         Code  Gb  vreg_util.o [4]
?mov_w3_w1              0x00a71a         Code  Gb  vreg_util.o [4]
?mov_w3_w5              0x00a727         Code  Gb  vreg_util.o [4]
?mov_w4_w0              0x00a6d8         Code  Gb  vreg_util.o [4]
?mov_w4_w1              0x00a6df         Code  Gb  vreg_util.o [4]
?mov_w5_w0              0x00a6e6         Code  Gb  vreg_util.o [4]
?mov_w5_w1              0x00a734         Code  Gb  vreg_util.o [4]
?mov_w7_w1              0x00a741         Code  Gb  vreg_util.o [4]
?move1616_v_x_y_a       0x00be27         Code  Gb  move.o [4]
?mul16_x_x_w0           0x00b5d5         Code  Gb  short.o [4]
?mul32_l0_l0_0x         0x00a05c         Code  Gb  long.o [4]
?mul32_l0_l0_dl         0x00a059         Code  Gb  long.o [4]
?mul32_l0_l0_l1         0x00a065         Code  Gb  long.o [4]
?neg32_l0_l0            0x00a02e         Code  Gb  long.o [4]
?pop_l0                 0x00a684         Code  Gb  vreg_util.o [4]
?pop_l1                 0x00a68f         Code  Gb  vreg_util.o [4]
?pop_l2                 0x00a69a         Code  Gb  vreg_util.o [4]
?pop_l3                 0x00a6a5         Code  Gb  vreg_util.o [4]
?pop_w4                 0x00a644         Code  Gb  vreg_util.o [4]
?push_l0                0x00a653         Code  Gb  vreg_util.o [4]
?push_l1                0x00a658         Code  Gb  vreg_util.o [4]
?push_l2                0x00a65d         Code  Gb  vreg_util.o [4]
?push_l3                0x00a662         Code  Gb  vreg_util.o [4]
?push_w0                0x00a622         Code  Gb  vreg_util.o [4]
?push_w1                0x00a627         Code  Gb  vreg_util.o [4]
?push_w4                0x00a62c         Code  Gb  vreg_util.o [4]
?scmp32_c_l0_l1         0x00a1a6         Code  Gb  long.o [4]
?sdiv16_x_x_y           0x00b5f3         Code  Gb  short.o [4]
?sdiv32_l0_l0_dl        0x00a15d         Code  Gb  long.o [4]
?sdiv32_l0_l0_l1        0x00a160         Code  Gb  long.o [4]
?sext16_x_a             0x00b619         Code  Gb  short.o [4]
?sext32_l0_a            0x00a209         Code  Gb  long.o [4]
?sext32_l0_x            0x00a1fe         Code  Gb  long.o [4]
?sll16_x_x_a            0x00b60c         Code  Gb  short.o [4]
?sll32_0x_0x_a          0x00a1db         Code  Gb  long.o [4]
?sll32_l0_l0_a          0x00a1d8         Code  Gb  long.o [4]
?smod32_l1_l0_l1        0x00a160         Code  Gb  long.o [4]
?sra32_0x_0x_a          0x00a1f0         Code  Gb  long.o [4]
?sra32_l0_l0_a          0x00a1ed         Code  Gb  long.o [4]
?sra32_l0_l0_db         0x00a1e9         Code  Gb  long.o [4]
?srl16_x_x_4            0x00b614         Code  Gb  short.o [4]
?sub32_l0_l0_0x         0x00a041         Code  Gb  long.o [4]
?sub32_l0_l0_l1         0x00a03e         Code  Gb  long.o [4]
?switch8vlt_0x_a_0x     0x00be40         Code  Gb  switch.o [4]
?udiv32_l0_dl_l1        0x00a0e8         Code  Gb  long.o [4]
?udiv32_l0_l0_dl        0x00a0ed         Code  Gb  long.o [4]
?udiv32_l0_l0_l1        0x00a0f0         Code  Gb  long.o [4]
?umod32_l1_l0_dl        0x00a0e3         Code  Gb  long.o [4]
?umod32_l1_l0_l1        0x00a0f0         Code  Gb  long.o [4]
?w0                     0x000000         Data  Gb  vregs.o [4]
?w1                     0x000002         Data  Gb  vregs.o [4]
?w2                     0x000004         Data  Gb  vregs.o [4]
?w3                     0x000006         Data  Gb  vregs.o [4]
?w4                     0x000008         Data  Gb  vregs.o [4]
?w5                     0x00000a         Data  Gb  vregs.o [4]
?w6                     0x00000c         Data  Gb  vregs.o [4]
?w7                     0x00000e         Data  Gb  vregs.o [4]
ADC1_IRQHandler         0x00bf4e    0x1  Code  Gb  stm8s_it.o [1]
ADC_Init_Fun            0x00b879   0x39  Code  Gb  ADC.o [1]
ADC_Read_Channel_Fun    0x00a748  0x120  Code  Gb  ADC.o [1]
AWU_IRQHandler          0x00bf40    0x1  Code  Gb  stm8s_it.o [1]
Auto_Mode_Flash         0x00bdb2    0xd  Code  Gb  KEY_FTC332.o [1]
BEEP_Cmd                0x00bde6    0xd  Code  Gb  stm8s_beep.o [1]
BEEP_Count              0x000102    0x1  Data  Gb  KEY_FTC332.o [1]
Beep_LEVEL_Proc         0x00ac65   0xd6  Code  Gb  KEY_FTC332.o [1]
Beep_Power_OFF_Proc     0x00b8e9   0x37  Code  Gb  KEY_FTC332.o [1]
Beep_Power_On_Proc      0x00b8b2   0x37  Code  Gb  KEY_FTC332.o [1]
Bit_Count               0x0000fb    0x1  Data  Gb  KEY_FTC332.o [1]
Bit_Time_H              0x0000f9    0x1  Data  Gb  KEY_FTC332.o [1]
Bit_Time_L              0x0000fa    0x1  Data  Gb  KEY_FTC332.o [1]
Bluetooth_Command_Check
                        0x00b26f   0x86  Code  Gb  Bluetooth.o [1]
Bluetooth_Init          0x00ab72   0xf3  Code  Gb  Bluetooth.o [1]
Bluetooth_Processe      0x00bf3d    0x1  Code  Gb  Bluetooth.o [1]
Bluetooth_Request_Flag  0x000124    0x1  Data  Gb  stm8s_it.o [1]
Bluetooth_Request_Skin_Flag
                        0x000125    0x1  Data  Gb  stm8s_it.o [1]
CLK_GetClockFreq        0x00b57e   0x57  Code  Gb  stm8s_clk.o [1]
CLK_HSECmd              0x00bdf3    0xd  Code  Gb  stm8s_clk.o [1]
CLK_HSICmd              0x00be00    0xd  Code  Gb  stm8s_clk.o [1]
CLK_HSIPrescalerConfig  0x00bd1b   0x13  Code  Gb  stm8s_clk.o [1]
CLK_IRQHandler          0x00bf41    0x1  Code  Gb  stm8s_it.o [1]
CLK_SYSCLKConfig        0x00b9bc   0x30  Code  Gb  stm8s_clk.o [1]
CRC_Table               0x00a978  0x100  Data  Lc  protocol.o [1]
CSTACK$$Base            0x000700          --   Gb  - Linker created -
CSTACK$$Limit           0x000800          --   Gb  - Linker created -
Charge_Control_Fun      0x00993c   0x9a  Code  Gb  HV_Charge.o [1]
Charge_Overflow_count   0x0000ee    0x1  Data  Gb  HV_Charge.o [1]
Charge_Overflow_error   0x0000f0    0x1  Data  Gb  HV_Charge.o [1]
Charge_TimeOut_Flag     0x0000ef    0x1  Data  Gb  HV_Charge.o [1]
Charge_Time_Count       0x0000df    0x2  Data  Gb  HV_Charge.o [1]
Charge_Wait_Time        0x000011    0x2  Data  Gb  HV_Charge.o [1]
Clock_Config            0x00bd41   0x12  Code  Gb  clock_config.o [1]
Communication_Error_Count
                        0x00011f    0x1  Data  Gb  protocol.o [1]
Communication_Fun       0x00aa78   0xfa  Code  Gb  protocol.o [1]
Crc_Caculate            0x00baca   0x27  Code  Gb  protocol.o [1]
DEBUG_USART_Config      0x00b6b2   0x49  Code  Gb  UART.o [1]
Delay_ms                0x00b98a   0x32  Code  Gb  delay.o [1]
Delay_us                0x00be34    0xc  Code  Gb  delay.o [1]
Discharge_Flag          0x0000f2    0x1  Data  Gb  HV_Charge.o [1]
EEPROM_EEC_IRQHandler   0x00bf50    0x1  Code  Gb  stm8s_it.o [1]
ERROR_CHK_Fun           0x00ba77   0x2b  Code  Gb  error_chk.o [1]
ERROR_Flag              0x00010f    0x1  Data  Gb  KEY_FTC332.o [1]
ERROR_Flag_Count        0x000105    0x1  Data  Gb  KEY_FTC332.o [1]
ERROR_Flag_MainFan      0x0000ea    0x1  Data  Gb  error_chk.o [1]
EXTI_PORTA_IRQHandler   0x00bf42    0x1  Code  Gb  stm8s_it.o [1]
EXTI_PORTB_IRQHandler   0x00bbae   0x1f  Code  Gb  stm8s_it.o [1]
EXTI_PORTC_IRQHandler   0x00bf43    0x1  Code  Gb  stm8s_it.o [1]
EXTI_PORTD_IRQHandler   0x00bf44    0x1  Code  Gb  stm8s_it.o [1]
EXTI_PORTE_IRQHandler   0x00bf45    0x1  Code  Gb  stm8s_it.o [1]
Error_Power_Off_Proc    0x00bd87    0xf  Code  Gb  KEY_FTC332.o [1]
First_Flash             0x000111    0x1  Data  Gb  KEY_FTC332.o [1]
Flash_Control           0x009e41  0x1ed  Code  Gb  HV_Charge.o [1]
Flash_ERROR             0x0000f1    0x1  Data  Gb  HV_Charge.o [1]
Flash_Flag              0x000113    0x1  Data  Gb  KEY_FTC332.o [1]
Flash_Ready             0x00011c    0x1  Data  Gb  protocol.o [1]
Flash_Time_Out          0x0000dd    0x2  Data  Gb  HV_Charge.o [1]
Flash_Times_LED         0x009c47  0x1fa  Code  Gb  LED.o [1]
Flash_Times_LED_Flag    0x000112    0x1  Data  Gb  KEY_FTC332.o [1]
Flash_Times_Level       0x0000ec    0x1  Data  Gb  flash_times.o [1]
Flash_times_LED_Count   0x0000e5    0x2  Data  Gb  LED.o [1]
Full_Charge_Beep_Flag   0x0000f4    0x1  Data  Gb  HV_Charge.o [1]
Full_Charge_Flag        0x0000ed    0x1  Data  Gb  HV_Charge.o [1]
Full_Charge_Judgment    0x009730  0x19b  Code  Gb  HV_Charge.o [1]
Function_Processe       0x009485  0x2ab  Code  Gb  KEY_FTC332.o [1]
GPIO_Init               0x00aeae   0xaf  Code  Gb  stm8s_gpio.o [1]
Get_Flash_Times_Level   0x00bbeb   0x1c  Code  Gb  flash_times.o [1]
HSIDivFactor            0x00bf0d    0x4  Data  Gb  stm8s_clk.o [1]
HV_Control_IO_Init_Fun  0x00b781   0x41  Code  Gb  GPIO_Config.o [1]
HV_Level                0x00010b    0x1  Data  Gb  KEY_FTC332.o [1]
HV_Level_Count          0x000100    0x1  Data  Gb  KEY_FTC332.o [1]
HV_Level_Dowm_3         0x000107    0x1  Data  Gb  KEY_FTC332.o [1]
HV_Level_Dowm_5         0x000108    0x1  Data  Gb  KEY_FTC332.o [1]
HV_PID                  0x0000cb    0x9  Data  Gb  HV_Charge.o [1]
HV_PID_Init             0x00b862   0x17  Code  Gb  HV_Charge.o [1]
Head_Flag               0x000121    0x1  Data  Gb  stm8s_it.o [1]
I2C_IRQHandler          0x00bf4c    0x1  Code  Gb  stm8s_it.o [1]
INTVEC$$Base            0x008000          --   Gb  - Linker created -
INTVEC$$Limit           0x008080          --   Gb  - Linker created -
IWDG_Init               0x00b4c4   0x15  Code  Gb  GPIO_Config.o [1]
Init_Fun                0x00b4d9   0x49  Code  Gb  GPIO_Config.o [1]
Judgment_Times          0x0000f3    0x1  Data  Gb  HV_Charge.o [1]
Key_Analysis            0x00a868   0x42  Code  Gb  KEY_FTC332.o [1]
Key_Byte_Value          0x000106    0x1  Data  Gb  KEY_FTC332.o [1]
Key_Cont                0x000104    0x1  Data  Gb  KEY_FTC332.o [1]
Key_Init_Fun            0x00bcb3   0x16  Code  Gb  KEY_FTC332.o [1]
Key_Int                 0x000101    0x1  Data  Gb  KEY_FTC332.o [1]
Key_Level_Down_Proc     0x00bb5b   0x21  Code  Gb  KEY_FTC332.o [1]
Key_Level_Up_Proc       0x00b373   0x7b  Code  Gb  KEY_FTC332.o [1]
Key_Mode_Proc           0x00b005   0xa6  Code  Gb  KEY_FTC332.o [1]
Key_Mute_Proc           0x00b7c2   0x41  Code  Gb  KEY_FTC332.o [1]
Key_Power_Off_Proc      0x008d60   0xcc  Code  Gb  KEY_FTC332.o [1]
Key_Power_On_Proc       0x00af5d   0xa8  Code  Gb  KEY_FTC332.o [1]
Key_Process_Fun         0x008e2c  0x2d0  Code  Gb  KEY_FTC332.o [1]
Key_Push                0x000110    0x1  Data  Gb  KEY_FTC332.o [1]
Key_Read                0x00a8aa   0xce  Code  Gb  KEY_FTC332.o [1]
Key_Read_OK             0x0000f8    0x1  Data  Gb  KEY_FTC332.o [1]
Key_Timer_Init_Fun      0x00bc22   0x19  Code  Gb  KEY_FTC332.o [1]
Key_Trg                 0x000103    0x1  Data  Gb  KEY_FTC332.o [1]
Key_Unlock_Proc         0x00b620   0x49  Code  Gb  KEY_FTC332.o [1]
Key_Value_Error         0x0000f6    0x1  Data  Gb  KEY_FTC332.o [1]
Key_count               0x0000e1    0x2  Data  Gb  KEY_FTC332.o [1]
LAMP_Type               0x0000eb    0x1  Data  Gb  error_chk.o [1]
LED_ALL_ON              0x009c2e   0x19  Code  Gb  LED.o [1]
LED_Count               0x000117    0x1  Data  Gb  LED.o [1]
LED_Flash_Count         0x000119    0x1  Data  Gb  LED.o [1]
LED_Flash_Long_Count    0x000118    0x1  Data  Gb  LED.o [1]
LED_GPIO_Init           0x00ad3b   0xc1  Code  Gb  LED.o [1]
LED_Level               0x0099d6  0x22a  Code  Gb  LED.o [1]
LED_Multi_Disply        0x00b0ab   0x9d  Code  Gb  LED.o [1]
LED_OFF_ALL             0x009c00   0x2e  Code  Gb  LED.o [1]
Lamp_Type               0x00011d    0x1  Data  Gb  protocol.o [1]
Lamp_Type_Check         0x00bd53   0x12  Code  Gb  error_chk.o [1]
Level_Change            0x000115    0x1  Data  Gb  KEY_FTC332.o [1]
LoadInt                 0x00b6fb   0x43  Code  Lc  xprintffull_nomb.o [4]
Lock_Flag               0x000013    0x1  Data  Gb  KEY_FTC332.o [1]
Lowlamp_Flag            0x00010e    0x1  Data  Gb  KEY_FTC332.o [1]
MainFan_Error_Chk_Fun   0x00bc85   0x17  Code  Gb  error_chk.o [1]
Mode_Change             0x000116    0x1  Data  Gb  KEY_FTC332.o [1]
Mode_Flag               0x000014    0x1  Data  Gb  KEY_FTC332.o [1]
Mode_Trans              0x000114    0x1  Data  Gb  KEY_FTC332.o [1]
Multi_Auto_Mode_Flash   0x00bdcc    0xd  Code  Gb  KEY_FTC332.o [1]
Multi_Charge_Control    0x00adfc   0xb2  Code  Gb  HV_Charge.o [1]
Multi_Standard_Mode_Flash
                        0x00bdd9    0xd  Code  Gb  KEY_FTC332.o [1]
Mute_Flag               0x00010a    0x1  Data  Gb  KEY_FTC332.o [1]
PID_Caculate            0x0098d8   0x50  Code  Gb  HV_Charge.o [1]
PID_Control             0x009928   0x14  Code  Gb  HV_Charge.o [1]
Power_Flag              0x000109    0x1  Data  Gb  KEY_FTC332.o [1]
Power_LED_Start_Flag    0x000010    0x1  Data  Gb  GPIO_Config.o [1]
Probe_Error_Flag        0x00011a    0x1  Data  Gb  protocol.o [1]
Receive_Buff            0x0000bc    0xf  Data  Gb  stm8s_it.o [1]
Receive_Buffer_Full_Flag
                        0x000122    0x1  Data  Gb  stm8s_it.o [1]
Receive_Count           0x000120    0x1  Data  Gb  stm8s_it.o [1]
Receive_Date_Length     0x000123    0x1  Data  Gb  stm8s_it.o [1]
Receive_Wait_Lost_First
                        0x00b460   0x64  Code  Gb  protocol.o [1]
Recevie_Data_Error      0x00011e    0x1  Data  Gb  protocol.o [1]
Region$$Table$$Base     0x00bb7c          --   Gb  - Linker created -
Region$$Table$$Limit    0x00bb8e          --   Gb  - Linker created -
SPI_IRQHandler          0x00bf46    0x1  Code  Gb  stm8s_it.o [1]
Send_Request            0x00b148   0x9b  Code  Gb  protocol.o [1]
Skin_Color_Type         0x00011b    0x1  Data  Gb  protocol.o [1]
Skin_Color_Type_Count_1
                        0x0000fc    0x1  Data  Gb  KEY_FTC332.o [1]
Skin_Color_Type_Count_3
                        0x0000fd    0x1  Data  Gb  KEY_FTC332.o [1]
Skin_Color_Type_Count_4
                        0x0000fe    0x1  Data  Gb  KEY_FTC332.o [1]
Skin_Color_Type_Count_5
                        0x0000ff    0x1  Data  Gb  KEY_FTC332.o [1]
Skin_HV_Ready           0x0000f5    0x1  Data  Gb  KEY_FTC332.o [1]
Standard_Mode_Flash     0x00bdbf    0xd  Code  Gb  KEY_FTC332.o [1]
Start_Flag              0x0000f7    0x1  Data  Gb  KEY_FTC332.o [1]
TIM1_CAP_COM_IRQHandler
                        0x00bf47    0x1  Code  Gb  stm8s_it.o [1]
TIM1_UPD_OVF_TRG_BRK_IRQHandler
                        0x00bcc9   0x15  Code  Gb  stm8s_it.o [1]
TIM2_CAP_COM_IRQHandler
                        0x00bf49    0x1  Code  Gb  stm8s_it.o [1]
TIM2_UPD_OVF_BRK_IRQHandler
                        0x00bf48    0x1  Code  Gb  stm8s_it.o [1]
TIM3_CAP_COM_IRQHandler
                        0x00bf4b    0x1  Code  Gb  stm8s_it.o [1]
TIM3_UPD_OVF_BRK_IRQHandler
                        0x00bf4a    0x1  Code  Gb  stm8s_it.o [1]
TIM4_UPD_OVF_IRQHandler
                        0x00bf4f    0x1  Code  Gb  stm8s_it.o [1]
TLI_IRQHandler          0x00bf3f    0x1  Code  Gb  stm8s_it.o [1]
TRAP_IRQHandler         0x00bf3e    0x1  Code  Gb  stm8s_it.o [1]
Timer1_Init             0x00b83f   0x23  Code  Gb  HV_Charge.o [1]
Timer_PID_Control       0x0098cb    0xd  Code  Gb  HV_Charge.o [1]
UART2_ClearFlag         0x00bb16   0x23  Code  Gb  stm8s_uart2.o [1]
UART2_ClearITPendingBit
                        0x00bc3b   0x19  Code  Gb  stm8s_uart2.o [1]
UART2_Cmd               0x00be0d    0xd  Code  Gb  stm8s_uart2.o [1]
UART2_GetFlagStatus     0x00b669   0x49  Code  Gb  stm8s_uart2.o [1]
UART2_ITConfig          0x00b1e3   0x8c  Code  Gb  stm8s_uart2.o [1]
UART2_Init              0x00a4e8  0x13a  Code  Gb  stm8s_uart2.o [1]
UART2_RX_IRQHandler     0x00b2f5   0x7e  Code  Gb  stm8s_it.o [1]
UART2_ReceiveData8      0x00bf21    0x4  Code  Gb  stm8s_uart2.o [1]
UART2_SendData8         0x00bf25    0x4  Code  Gb  stm8s_uart2.o [1]
UART2_TX_IRQHandler     0x00bf4d    0x1  Code  Gb  stm8s_it.o [1]
USARTx_SendByte         0x00bda4    0xe  Code  Gb  UART.o [1]
_GenldFullNoMb          0x0090fc  0x389  Code  Lc  xprintffull_nomb.o [4]
_LdtobFullNoMb          0x00893a  0x426  Code  Lc  xprintffull_nomb.o [4]
_LitobFullNoMb          0x00a216  0x171  Code  Lc  xprintffull_nomb.o [4]
_Locale_lconv           0x000016   0x2e  Data  Gb  localeconv.o [4]
_PrintfFullNoMb         0x0084e0  0x45a  Code  Gb  xprintffull_nomb.o [4]
_Prout                  0x00bc07   0x1b  Code  Gb  xprout.o [4]
_PutcharFullNoMb        0x00ba1c   0x2f  Code  Lc  xprintffull_nomb.o [4]
_PutcharsFullNoMb       0x00b957   0x33  Code  Lc  xprintffull_nomb.o [4]
__DebugBreak            0x00bf51    0x1  Code  Gb  __dbg_break.o [3]
__exit                  0x00bd07   0x14  Code  Gb  __dbg_xxexit.o [3]
__iar_Dnorm             0x00a387         Code  Gb  float_libsup.o [4]
__iar_Dscale            0x00a415         Code  Gb  float_libsup.o [4]
__iar_Dunscale          0x00a3c3         Code  Gb  float_libsup.o [4]
__iar_Memchr            0x00bc6d   0x18  Code  Gb  memchr.o [4]
__iar_Stdout            0x000044   0x28  Data  Gb  xfiles.o [4]
__iar_Strchr            0x00bcde   0x15  Code  Gb  strchr.o [4]
__iar_Tls_setup__Locale_lconv
                        0x0000e7    0x2  Data  Gb  localeconv.o [4]
__iar_copy_init2        0x00baa2         Code  Gb  init_small.o [4]
__iar_data_init2        0x00bc9c   0x17  Code  Gb  init.o [4]
__iar_program_start     0x00bd2e         Code  Gb  cstartup.o [4]
__iar_unhandled_exception
                        0x00bf35         Code  Gb  unhandled_exception.o [4]
__iar_zero_init2        0x00bbcd         Code  Gb  init_small.o [4]
__intvec                0x008000         Data  Gb  interrupt.o [4]
__low_level_init        0x00bf2f    0x3  Code  Gb  low_level_init.o [4]
_exit                   0x00bf08         Code  Gb  cexit.o [4]
_interrupt_1            0x00bf3e         Code  Gb  stm8s_it.o [1]
_interrupt_12           0x00bf46         Code  Gb  stm8s_it.o [1]
_interrupt_13           0x00bcc9         Code  Gb  stm8s_it.o [1]
_interrupt_14           0x00bf47         Code  Gb  stm8s_it.o [1]
_interrupt_15           0x00bf48         Code  Gb  stm8s_it.o [1]
_interrupt_16           0x00bf49         Code  Gb  stm8s_it.o [1]
_interrupt_17           0x00bf4a         Code  Gb  stm8s_it.o [1]
_interrupt_18           0x00bf4b         Code  Gb  stm8s_it.o [1]
_interrupt_2            0x00bf3f         Code  Gb  stm8s_it.o [1]
_interrupt_21           0x00bf4c         Code  Gb  stm8s_it.o [1]
_interrupt_22           0x00bf4d         Code  Gb  stm8s_it.o [1]
_interrupt_23           0x00b2f5         Code  Gb  stm8s_it.o [1]
_interrupt_24           0x00bf4e         Code  Gb  stm8s_it.o [1]
_interrupt_25           0x00bf4f         Code  Gb  stm8s_it.o [1]
_interrupt_26           0x00bf50         Code  Gb  stm8s_it.o [1]
_interrupt_3            0x00bf40         Code  Gb  stm8s_it.o [1]
_interrupt_4            0x00bf41         Code  Gb  stm8s_it.o [1]
_interrupt_5            0x00bf42         Code  Gb  stm8s_it.o [1]
_interrupt_6            0x00bbae         Code  Gb  stm8s_it.o [1]
_interrupt_7            0x00bf43         Code  Gb  stm8s_it.o [1]
_interrupt_8            0x00bf44         Code  Gb  stm8s_it.o [1]
_interrupt_9            0x00bf45         Code  Gb  stm8s_it.o [1]
charge_time_Count       0x0000d9    0x2  Data  Gb  HV_Charge.o [1]
div                     0x00b9ec   0x30  Code  Gb  div.o [4]
exit                    0x00bf32    0x3  Code  Gb  exit.o [4]
flash_over_thr          0x0000db    0x2  Data  Gb  HV_Charge.o [1]
fputc                   0x00bc54   0x19  Code  Gb  UART.o [1]
i                       0x0000e9    0x1  Data  Gb  Bluetooth.o [1]
k                       0x000015    0x1  Data  Gb  LED.o [1]
led_level_5             0x00010c    0x1  Data  Gb  KEY_FTC332.o [1]
led_level_5count        0x00010d    0x1  Data  Gb  KEY_FTC332.o [1]
localeconv              0x00be1a    0xd  Code  Gb  localeconv.o [4]
main                    0x00bb39   0x22  Code  Gb  main.o [1]
memcpy                  0x00baf1   0x25  Code  Gb  memcpy.o [4]
obuf                    0x00006c   0x50  Data  Lc  xfiles.o [4]
pad                     0x00b920   0x37  Code  Lc  xprintffull_nomb.o [4]
printf                  0x00bb8e   0x20  Code  Gb  printf.o [4]
putchar                 0x00bed9    0x7  Code  Gb  putchar.o [4]
read_hv                 0x0000d7    0x2  Data  Gb  HV_Charge.o [1]
scale                   0x00b73e   0x43  Code  Lc  xprintffull_nomb.o [4]
strlen                  0x00bd65   0x12  Code  Gb  strlen.o [4]
temp                    0x0000d4    0x3  Data  Gb  Bluetooth.o [1]
time_out_power_off      0x0000e3    0x2  Data  Gb  KEY_FTC332.o [1]


[1] = E:\work cxy\project\PL\PL3000_STM8\Debug\Obj
[2] = command line
[3] = dbgstm8smd.a
[4] = dlstm8smf.a

  15 578 bytes of readonly  code memory
     632 bytes of readonly  data memory
     550 bytes of readwrite data memory

Errors: none
Warnings: none
