###############################################################################
#
# IAR ELF Linker V2.20.1.176 for STM8                     27/Apr/2018  15:56:38
# Copyright 2010-2015 IAR Systems AB.
#
#    Output file  =  
#        C:\Users\yz\Desktop\ÉÕÂ¼\PL3000\PL3000-RW DATA_LCD\PL3000-RW
#        DATA_LCD\Program\PL3000_STM8\Debug\Exe\PL3000_STM8S.out
#    Map file     =  
#        C:\Users\yz\Desktop\ÉÕÂ¼\PL3000\PL3000-RW DATA_LCD\PL3000-RW
#        DATA_LCD\Program\PL3000_STM8\Debug\List\PL3000_STM8S.map
#    Command line =  
#        "C:\Users\yz\Desktop\ÉÕÂ¼\PL3000\PL3000-RW DATA_LCD\PL3000-RW
#        DATA_LCD\Program\PL3000_STM8\Debug\Obj\clock_config.o"
#        "C:\Users\yz\Desktop\ÉÕÂ¼\PL3000\PL3000-RW DATA_LCD\PL3000-RW
#        DATA_LCD\Program\PL3000_STM8\Debug\Obj\delay.o"
#        "C:\Users\yz\Desktop\ÉÕÂ¼\PL3000\PL3000-RW DATA_LCD\PL3000-RW
#        DATA_LCD\Program\PL3000_STM8\Debug\Obj\EEPROM.o"
#        "C:\Users\yz\Desktop\ÉÕÂ¼\PL3000\PL3000-RW DATA_LCD\PL3000-RW
#        DATA_LCD\Program\PL3000_STM8\Debug\Obj\GPIO_Config.o"
#        "C:\Users\yz\Desktop\ÉÕÂ¼\PL3000\PL3000-RW DATA_LCD\PL3000-RW
#        DATA_LCD\Program\PL3000_STM8\Debug\Obj\KEY.o"
#        "C:\Users\yz\Desktop\ÉÕÂ¼\PL3000\PL3000-RW DATA_LCD\PL3000-RW
#        DATA_LCD\Program\PL3000_STM8\Debug\Obj\LED.o"
#        "C:\Users\yz\Desktop\ÉÕÂ¼\PL3000\PL3000-RW DATA_LCD\PL3000-RW
#        DATA_LCD\Program\PL3000_STM8\Debug\Obj\main.o"
#        "C:\Users\yz\Desktop\ÉÕÂ¼\PL3000\PL3000-RW DATA_LCD\PL3000-RW
#        DATA_LCD\Program\PL3000_STM8\Debug\Obj\stm8s_adc1.o"
#        "C:\Users\yz\Desktop\ÉÕÂ¼\PL3000\PL3000-RW DATA_LCD\PL3000-RW
#        DATA_LCD\Program\PL3000_STM8\Debug\Obj\stm8s_awu.o"
#        "C:\Users\yz\Desktop\ÉÕÂ¼\PL3000\PL3000-RW DATA_LCD\PL3000-RW
#        DATA_LCD\Program\PL3000_STM8\Debug\Obj\stm8s_beep.o"
#        "C:\Users\yz\Desktop\ÉÕÂ¼\PL3000\PL3000-RW DATA_LCD\PL3000-RW
#        DATA_LCD\Program\PL3000_STM8\Debug\Obj\stm8s_clk.o"
#        "C:\Users\yz\Desktop\ÉÕÂ¼\PL3000\PL3000-RW DATA_LCD\PL3000-RW
#        DATA_LCD\Program\PL3000_STM8\Debug\Obj\stm8s_exti.o"
#        "C:\Users\yz\Desktop\ÉÕÂ¼\PL3000\PL3000-RW DATA_LCD\PL3000-RW
#        DATA_LCD\Program\PL3000_STM8\Debug\Obj\stm8s_flash.o"
#        "C:\Users\yz\Desktop\ÉÕÂ¼\PL3000\PL3000-RW DATA_LCD\PL3000-RW
#        DATA_LCD\Program\PL3000_STM8\Debug\Obj\stm8s_gpio.o"
#        "C:\Users\yz\Desktop\ÉÕÂ¼\PL3000\PL3000-RW DATA_LCD\PL3000-RW
#        DATA_LCD\Program\PL3000_STM8\Debug\Obj\stm8s_i2c.o"
#        "C:\Users\yz\Desktop\ÉÕÂ¼\PL3000\PL3000-RW DATA_LCD\PL3000-RW
#        DATA_LCD\Program\PL3000_STM8\Debug\Obj\stm8s_itc.o"
#        "C:\Users\yz\Desktop\ÉÕÂ¼\PL3000\PL3000-RW DATA_LCD\PL3000-RW
#        DATA_LCD\Program\PL3000_STM8\Debug\Obj\stm8s_iwdg.o"
#        "C:\Users\yz\Desktop\ÉÕÂ¼\PL3000\PL3000-RW DATA_LCD\PL3000-RW
#        DATA_LCD\Program\PL3000_STM8\Debug\Obj\stm8s_rst.o"
#        "C:\Users\yz\Desktop\ÉÕÂ¼\PL3000\PL3000-RW DATA_LCD\PL3000-RW
#        DATA_LCD\Program\PL3000_STM8\Debug\Obj\stm8s_spi.o"
#        "C:\Users\yz\Desktop\ÉÕÂ¼\PL3000\PL3000-RW DATA_LCD\PL3000-RW
#        DATA_LCD\Program\PL3000_STM8\Debug\Obj\stm8s_tim1.o"
#        "C:\Users\yz\Desktop\ÉÕÂ¼\PL3000\PL3000-RW DATA_LCD\PL3000-RW
#        DATA_LCD\Program\PL3000_STM8\Debug\Obj\stm8s_tim2.o"
#        "C:\Users\yz\Desktop\ÉÕÂ¼\PL3000\PL3000-RW DATA_LCD\PL3000-RW
#        DATA_LCD\Program\PL3000_STM8\Debug\Obj\stm8s_tim3.o"
#        "C:\Users\yz\Desktop\ÉÕÂ¼\PL3000\PL3000-RW DATA_LCD\PL3000-RW
#        DATA_LCD\Program\PL3000_STM8\Debug\Obj\stm8s_tim4.o"
#        "C:\Users\yz\Desktop\ÉÕÂ¼\PL3000\PL3000-RW DATA_LCD\PL3000-RW
#        DATA_LCD\Program\PL3000_STM8\Debug\Obj\stm8s_uart2.o"
#        "C:\Users\yz\Desktop\ÉÕÂ¼\PL3000\PL3000-RW DATA_LCD\PL3000-RW
#        DATA_LCD\Program\PL3000_STM8\Debug\Obj\stm8s_wwdg.o" --redirect
#        _Printf=_PrintfFullNoMb --redirect _Scanf=_ScanfFullNoMb -o
#        "C:\Users\yz\Desktop\ÉÕÂ¼\PL3000\PL3000-RW DATA_LCD\PL3000-RW
#        DATA_LCD\Program\PL3000_STM8\Debug\Exe\PL3000_STM8S.out" --map
#        "C:\Users\yz\Desktop\ÉÕÂ¼\PL3000\PL3000-RW DATA_LCD\PL3000-RW
#        DATA_LCD\Program\PL3000_STM8\Debug\List\PL3000_STM8S.map" --config
#        "C:\Program Files\IAR Systems\Embedded Workbench
#        7.3\stm8\config\lnkstm8s105c4.icf" --config_def _CSTACK_SIZE=0x100
#        --config_def _HEAP_SIZE=0x100 --entry __iar_program_start --debug_lib
#
###############################################################################

*******************************************************************************
*** RUNTIME MODEL ATTRIBUTES
***

__Heap_Handler             = Basic
__SystemLibrary            = DLib
__code_model               = small
__core                     = stm8
__data_model               = medium
__dlib_file_descriptor     = 1
__dlib_full_locale_support = 1
__rt_version               = 4


*******************************************************************************
*** PLACEMENT SUMMARY
***

"A1":  place at start of [0x000000-0x0000ff] { rw section .vregs };
"A2":  place at end of [0x000000-0x0007ff] { block CSTACK };
"P2":  place in [from 0x000000 to 0x0007ff] {
          block HEAP, rw section __DLIB_PERTHREAD, rw section .far.bss,
          rw section .far.data, rw section .far.noinit,
          rw section .far_func.textrw, rw section .huge.bss,
          rw section .huge.data, rw section .huge.noinit,
          rw section .huge_func.textrw, rw section .iar.dynexit,
          rw section .near.bss, rw section .near.data, rw section .near.noinit,
          rw section .near_func.textrw };
"A3":  place at start of [0x008000-0x00bfff] { block INTVEC };
"P3":  place in [from 0x008000 to 0x00bfff] {
          ro section __DLIB_PERTHREAD_init, ro section .far.data_init,
          ro section .far_func.textrw_init, ro section .huge.data_init,
          ro section .huge_func.textrw_init, ro section .iar.init_table,
          ro section .init_array, ro section .near.data_init,
          ro section .near.rodata, ro section .near_func.text,
          ro section .near_func.textrw_init, ro section .tiny.data_init,
          ro section .tiny.rodata_init };

  Section            Kind      Address   Size  Object
  -------            ----      -------   ----  ------
"A1":                                    0x10
  .vregs             uninit   0x000000   0x10  vregs.o [4]
                            - 0x000010   0x10

"P2":                                    0x36
  P2-1                        0x000010   0x36  <Init block>
    .near.data       inited   0x000010    0x1  LED.o [1]
    .near.data       inited   0x000011   0x11  main.o [1]
    .near.bss        inited   0x000022    0x1  EEPROM.o [1]
    .near.bss        inited   0x000023    0x4  KEY.o [1]
    .near.bss        inited   0x000027    0x4  KEY.o [1]
    .near.bss        inited   0x00002b    0x1  KEY.o [1]
    .near.bss        inited   0x00002c    0x4  KEY.o [1]
    .near.bss        inited   0x000030    0x4  KEY.o [1]
    .near.bss        inited   0x000034    0x4  KEY.o [1]
    .near.bss        inited   0x000038    0x1  KEY.o [1]
    .near.bss        inited   0x000039    0x1  KEY.o [1]
    .near.bss        inited   0x00003a    0x1  KEY.o [1]
    .near.bss        inited   0x00003b    0x1  KEY.o [1]
    .near.bss        inited   0x00003c    0x1  KEY.o [1]
    .near.bss        inited   0x00003d    0x1  KEY.o [1]
    .near.bss        inited   0x00003e    0x1  LED.o [1]
    .near.bss        inited   0x00003f    0x1  LED.o [1]
    .near.bss        inited   0x000040    0x4  LED.o [1]
    .near.bss        inited   0x000044    0x1  LED.o [1]
    .near.bss        inited   0x000045    0x1  main.o [1]
                            - 0x000046   0x36

"A2":                                   0x100
  CSTACK                      0x000700  0x100  <Block>
    CSTACK           uninit   0x000700  0x100  <Block tail>
                            - 0x000800  0x100

"A3":                                    0x80
  INTVEC                      0x008000   0x80  <Block>
    .intvec          const    0x008000   0x80  interrupt.o [4]
                            - 0x008080   0x80

"P3":                                   0xd7a
  .near_func.text    ro code  0x008080  0x376  KEY.o [1]
  .near_func.text    ro code  0x0083f6  0x17b  LED.o [1]
  .near_func.text    ro code  0x008571   0xf2  EEPROM.o [1]
  .near_func.text    ro code  0x008663   0xd8  vreg_util.o [4]
  .near_func.text    ro code  0x00873b   0xbc  long.o [4]
  .near_func.text    ro code  0x0087f7   0x8b  EEPROM.o [1]
  .near_func.text    ro code  0x008882   0x85  LED.o [1]
  .near_func.text    ro code  0x008907   0x81  EEPROM.o [1]
  .near_func.text    ro code  0x008988   0x7a  EEPROM.o [1]
  .near_func.text    ro code  0x008a02   0x60  KEY.o [1]
  .near_func.text    ro code  0x008a62   0x60  KEY.o [1]
  .near_func.text    ro code  0x008ac2   0x59  KEY.o [1]
  .near_func.text    ro code  0x008b1b   0x3e  main.o [1]
  .near_func.text    ro code  0x008b59   0x3b  EEPROM.o [1]
  Initializer bytes  const    0x008b94   0x36  <for P2-1>
  .near_func.text    ro code  0x008bca   0x34  EEPROM.o [1]
  .near_func.text    ro code  0x008bfe   0x32  delay.o [1]
  .near_func.text    ro code  0x008c30   0x32  long_util.o [4]
  .near_func.text    ro code  0x008c62   0x30  stm8s_clk.o [1]
  .near_func.text    ro code  0x008c92   0x28  init_small.o [4]
  .near_func.text    ro code  0x008cba   0x26  EEPROM.o [1]
  .near_func.text    ro code  0x008ce0   0x24  GPIO_Config.o [1]
  .iar.init_table    const    0x008d04    0xa  - Linker created -
  .near_func.text    ro code  0x008d0e   0x17  init.o [4]
  .near_func.text    ro code  0x008d25   0x14  EEPROM.o [1]
  .near_func.text    ro code  0x008d39   0x14  EEPROM.o [1]
  .near_func.text    ro code  0x008d4d   0x14  __dbg_xxexit.o [3]
  .near_func.text    ro code  0x008d61   0x13  stm8s_clk.o [1]
  .near_func.text    ro code  0x008d74   0x13  cstartup.o [4]
  .near_func.text    ro code  0x008d87   0x12  clock_config.o [1]
  .near_func.text    ro code  0x008d99   0x11  EEPROM.o [1]
  .near_func.text    ro code  0x008daa    0xd  stm8s_clk.o [1]
  .near_func.text    ro code  0x008db7    0xd  stm8s_clk.o [1]
  .near_func.text    ro code  0x008dc4    0xd  dc_util.o [4]
  .near_func.text    ro code  0x008dd1    0xc  delay.o [1]
  .near_func.text    ro code  0x008ddd    0x9  stm8s_gpio.o [1]
  .near_func.text    ro code  0x008de6    0x5  cexit.o [4]
  .near_func.text    ro code  0x008deb    0x3  interrupt.o [4]
  .near_func.text    ro code  0x008dee    0x3  low_level_init.o [4]
  .near_func.text    ro code  0x008df1    0x3  exit.o [4]
  .near_func.text    ro code  0x008df4    0x3  unhandled_exception.o [4]
  .near_func.text    ro code  0x008df7    0x2  stm8s_gpio.o [1]
  .near_func.text    ro code  0x008df9    0x1  __dbg_break.o [3]
                            - 0x008dfa  0xd7a


*******************************************************************************
*** INIT TABLE
***

          Address   Size
          -------   ----
Copy (__iar_copy_init2)
    1 source range, total size 0x36:
          0x008b94  0x36
    1 destination range, total size 0x36:
          0x000010  0x36



*******************************************************************************
*** MODULE SUMMARY
***

    Module                 ro code  ro data  rw data
    ------                 -------  -------  -------
C:\Users\yz\Desktop\ÉÕÂ¼\PL3000\PL3000-RW DATA_LCD\PL3000-RW DATA_LCD\Program\PL3000_STM8\Debug\Obj: [1]
    EEPROM.o                   838        1        1
    GPIO_Config.o               36
    KEY.o                    1 167       27       27
    LED.o                      512        8        8
    clock_config.o              18
    delay.o                     62
    main.o                      62       18       18
    stm8s_clk.o                 93
    stm8s_gpio.o                11
    ------------------------------------------------
    Total:                   2 799       54       54

command line: [2]
    ------------------------------------------------
    Total:

dbgstm8smd.a: [3]
    __dbg_break.o                1
    __dbg_xxexit.o              20
    ------------------------------------------------
    Total:                      21

dlstm8smf.a: [4]
    cexit.o                      5
    cstartup.o                  19
    dc_util.o                   13
    exit.o                       3
    init.o                      23
    init_small.o                40
    interrupt.o                  3      128
    long.o                     188
    long_util.o                 50
    low_level_init.o             3
    unhandled_exception.o        3
    vreg_util.o                216
    vregs.o                                       16
    ------------------------------------------------
    Total:                     566      128       16

    Linker created                       10      256
----------------------------------------------------
    Grand Total:             3 386      192      326


*******************************************************************************
*** ENTRY LIST
***

Entry                    Address   Size  Type      Object
-----                    -------   ----  ----      ------
.iar.init_table$$Base   0x008d04          --   Gb  - Linker created -
.iar.init_table$$Limit  0x008d0e          --   Gb  - Linker created -
?b0                     0x000000         Data  Gb  vregs.o [4]
?b1                     0x000001         Data  Gb  vregs.o [4]
?b10                    0x00000a         Data  Gb  vregs.o [4]
?b11                    0x00000b         Data  Gb  vregs.o [4]
?b12                    0x00000c         Data  Gb  vregs.o [4]
?b13                    0x00000d         Data  Gb  vregs.o [4]
?b14                    0x00000e         Data  Gb  vregs.o [4]
?b15                    0x00000f         Data  Gb  vregs.o [4]
?b2                     0x000002         Data  Gb  vregs.o [4]
?b3                     0x000003         Data  Gb  vregs.o [4]
?b4                     0x000004         Data  Gb  vregs.o [4]
?b5                     0x000005         Data  Gb  vregs.o [4]
?b6                     0x000006         Data  Gb  vregs.o [4]
?b7                     0x000007         Data  Gb  vregs.o [4]
?b8                     0x000008         Data  Gb  vregs.o [4]
?b9                     0x000009         Data  Gb  vregs.o [4]
?dc32_l1                0x008dc4         Code  Gb  dc_util.o [4]
?e0                     0x000001         Data  Gb  vregs.o [4]
?e1                     0x000005         Data  Gb  vregs.o [4]
?e2                     0x000009         Data  Gb  vregs.o [4]
?e3                     0x00000d         Data  Gb  vregs.o [4]
?epilogue_l2            0x0086de         Code  Gb  vreg_util.o [4]
?epilogue_l2_l3         0x0086db         Code  Gb  vreg_util.o [4]
?epilogue_l2_w6         0x0086e2         Code  Gb  vreg_util.o [4]
?epilogue_w4            0x0086e9         Code  Gb  vreg_util.o [4]
?l0                     0x000000         Data  Gb  vregs.o [4]
?l1                     0x000004         Data  Gb  vregs.o [4]
?l2                     0x000008         Data  Gb  vregs.o [4]
?l3                     0x00000c         Data  Gb  vregs.o [4]
?load32_0x_l0           0x008c54         Code  Gb  long_util.o [4]
?load32_l0_0x           0x008c30         Code  Gb  long_util.o [4]
?load32_l1_0x           0x008c3c         Code  Gb  long_util.o [4]
?load32_l2_0x           0x008c48         Code  Gb  long_util.o [4]
?mov_e0_e1              0x0086f0         Code  Gb  vreg_util.o [4]
?mov_e0_e2              0x0086fd         Code  Gb  vreg_util.o [4]
?mov_e1_e0              0x00870a         Code  Gb  vreg_util.o [4]
?mov_e1_e3              0x008717         Code  Gb  vreg_util.o [4]
?mov_e2_e0              0x008724         Code  Gb  vreg_util.o [4]
?mov_e3_e0              0x008731         Code  Gb  vreg_util.o [4]
?mov_l0_l1              0x0086ed         Code  Gb  vreg_util.o [4]
?mov_l0_l2              0x0086fa         Code  Gb  vreg_util.o [4]
?mov_l1_l0              0x008707         Code  Gb  vreg_util.o [4]
?mov_l1_l3              0x008714         Code  Gb  vreg_util.o [4]
?mov_l2_l0              0x008721         Code  Gb  vreg_util.o [4]
?mov_l3_l0              0x00872e         Code  Gb  vreg_util.o [4]
?mov_w1_w3              0x0086f3         Code  Gb  vreg_util.o [4]
?mov_w1_w5              0x008700         Code  Gb  vreg_util.o [4]
?mov_w3_w1              0x00870d         Code  Gb  vreg_util.o [4]
?mov_w3_w7              0x00871a         Code  Gb  vreg_util.o [4]
?mov_w5_w1              0x008727         Code  Gb  vreg_util.o [4]
?mov_w7_w1              0x008734         Code  Gb  vreg_util.o [4]
?or32_l0_l0_0x          0x0087ce         Code  Gb  long.o [4]
?or32_l0_l0_l1          0x0087cb         Code  Gb  long.o [4]
?pop_l2                 0x0086bd         Code  Gb  vreg_util.o [4]
?pop_l3                 0x0086c8         Code  Gb  vreg_util.o [4]
?pop_w4                 0x008680         Code  Gb  vreg_util.o [4]
?pop_w6                 0x008687         Code  Gb  vreg_util.o [4]
?push_l2                0x008696         Code  Gb  vreg_util.o [4]
?push_l3                0x00869b         Code  Gb  vreg_util.o [4]
?push_w4                0x008663         Code  Gb  vreg_util.o [4]
?push_w6                0x008668         Code  Gb  vreg_util.o [4]
?sll32_0x_0x_a          0x0087e9         Code  Gb  long.o [4]
?sll32_l0_l0_a          0x0087e6         Code  Gb  long.o [4]
?ucmp32_c_l0_0x         0x0087b0         Code  Gb  long.o [4]
?ucmp32_c_l0_l1         0x0087c0         Code  Gb  long.o [4]
?udiv32_l0_l0_dl        0x008740         Code  Gb  long.o [4]
?udiv32_l0_l0_l1        0x008743         Code  Gb  long.o [4]
?umod32_l1_l0_dl        0x00873b         Code  Gb  long.o [4]
?umod32_l1_l0_l1        0x008743         Code  Gb  long.o [4]
?w0                     0x000000         Data  Gb  vregs.o [4]
?w1                     0x000002         Data  Gb  vregs.o [4]
?w2                     0x000004         Data  Gb  vregs.o [4]
?w3                     0x000006         Data  Gb  vregs.o [4]
?w4                     0x000008         Data  Gb  vregs.o [4]
?w5                     0x00000a         Data  Gb  vregs.o [4]
?w6                     0x00000c         Data  Gb  vregs.o [4]
?w7                     0x00000e         Data  Gb  vregs.o [4]
CLK_HSECmd              0x008daa    0xd  Code  Gb  stm8s_clk.o [1]
CLK_HSICmd              0x008db7    0xd  Code  Gb  stm8s_clk.o [1]
CLK_HSIPrescalerConfig  0x008d61   0x13  Code  Gb  stm8s_clk.o [1]
CLK_SYSCLKConfig        0x008c62   0x30  Code  Gb  stm8s_clk.o [1]
CSTACK$$Base            0x000700          --   Gb  - Linker created -
CSTACK$$Limit           0x000800          --   Gb  - Linker created -
Clock_Config            0x008d87   0x12  Code  Gb  clock_config.o [1]
Delay_ms                0x008bfe   0x32  Code  Gb  delay.o [1]
Delay_us                0x008dd1    0xc  Code  Gb  delay.o [1]
Dowm_low_flag           0x00003b    0x1  Data  Gb  KEY.o [1]
EEPROM_ERROR_Flag       0x000022    0x1  Data  Gb  EEPROM.o [1]
EEPROM_IO_Init          0x008d99   0x11  Code  Gb  EEPROM.o [1]
EEPROM_MAK              0x008d25   0x14  Code  Gb  EEPROM.o [1]
EEPROM_NoMAK            0x008d39   0x14  Code  Gb  EEPROM.o [1]
EEPROM_NoSAK            0x008571   0x23  Code  Gb  EEPROM.o [1]
EEPROM_Read_Byte        0x0085dd   0x67  Code  Gb  EEPROM.o [1]
EEPROM_Read_Data        0x008907   0x81  Code  Gb  EEPROM.o [1]
EEPROM_SAK              0x008b59   0x3b  Code  Gb  EEPROM.o [1]
EEPROM_StartHeader      0x008644   0x1f  Code  Gb  EEPROM.o [1]
EEPROM_Write_Byte       0x008594   0x49  Code  Gb  EEPROM.o [1]
EEPROM_Write_CMD        0x008bca   0x34  Code  Gb  EEPROM.o [1]
EEPROM_Write_Data       0x0087f7   0x8b  Code  Gb  EEPROM.o [1]
Flash_Times             0x000027    0x4  Data  Gb  KEY.o [1]
Flash_Times1            0x00002c    0x4  Data  Gb  KEY.o [1]
Flash_Times2            0x000030    0x4  Data  Gb  KEY.o [1]
Flash_Times3            0x000034    0x4  Data  Gb  KEY.o [1]
GPIO_ReadInputPin       0x008ddd    0x9  Code  Gb  stm8s_gpio.o [1]
GPIO_Write              0x008df7    0x2  Code  Gb  stm8s_gpio.o [1]
INTVEC$$Base            0x008000          --   Gb  - Linker created -
INTVEC$$Limit           0x008080          --   Gb  - Linker created -
IWDG_Init               0x008ce0   0x15  Code  Gb  GPIO_Config.o [1]
Init_Fun                0x008cf5    0xf  Code  Gb  GPIO_Config.o [1]
KEY_GPIO_Init           0x008ac2   0x59  Code  Gb  KEY.o [1]
Key_Fun                 0x008080  0x376  Code  Gb  KEY.o [1]
Key_Read_Fun            0x008a02   0x60  Code  Gb  KEY.o [1]
Key_Write_Fun           0x008a62   0x60  Code  Gb  KEY.o [1]
LAMP_low_flag           0x000039    0x1  Data  Gb  KEY.o [1]
LED_GPIO_Init           0x008882   0x85  Code  Gb  LED.o [1]
LED_fun                 0x008442  0x116  Code  Gb  LED.o [1]
Lamp_Type               0x000010    0x1  Data  Gb  LED.o [1]
LcdInit                 0x008558   0x19  Code  Gb  LED.o [1]
LcdWriteCom             0x00841c   0x26  Code  Gb  LED.o [1]
LcdWriteData            0x0083f6   0x26  Code  Gb  LED.o [1]
Play_count              0x000040    0x4  Data  Gb  LED.o [1]
PuZh                    0x000011   0x11  Data  Gb  main.o [1]
Read_Num_TO_EEPROM      0x008988   0x7a  Code  Gb  EEPROM.o [1]
Read_low_flag           0x00003c    0x1  Data  Gb  KEY.o [1]
Region$$Table$$Base     0x008d04          --   Gb  - Linker created -
Region$$Table$$Limit    0x008d0e          --   Gb  - Linker created -
Up_low_flag             0x00003a    0x1  Data  Gb  KEY.o [1]
WeiValue                0x00003e    0x1  Data  Gb  LED.o [1]
Weinum                  0x00003f    0x1  Data  Gb  LED.o [1]
Write_Num_TO_EEPROM     0x008cba   0x26  Code  Gb  EEPROM.o [1]
Write_OK_flag           0x000044    0x1  Data  Gb  LED.o [1]
Write_low_flag          0x00003d    0x1  Data  Gb  KEY.o [1]
__DebugBreak            0x008df9    0x1  Code  Gb  __dbg_break.o [3]
__exit                  0x008d4d   0x14  Code  Gb  __dbg_xxexit.o [3]
__iar_copy_init2        0x008c92         Code  Gb  init_small.o [4]
__iar_data_init2        0x008d0e   0x17  Code  Gb  init.o [4]
__iar_program_start     0x008d74         Code  Gb  cstartup.o [4]
__iar_unhandled_exception
                        0x008df4         Code  Gb  unhandled_exception.o [4]
__intvec                0x008000         Data  Gb  interrupt.o [4]
__low_level_init        0x008dee    0x3  Code  Gb  low_level_init.o [4]
_exit                   0x008de6         Code  Gb  cexit.o [4]
exit                    0x008df1    0x3  Code  Gb  exit.o [4]
flash_count             0x000023    0x4  Data  Gb  KEY.o [1]
i                       0x000045    0x1  Data  Gb  main.o [1]
key_read                0x000038    0x1  Data  Gb  KEY.o [1]
lamp_level              0x00002b    0x1  Data  Gb  KEY.o [1]
main                    0x008b1b   0x3e  Code  Gb  main.o [1]


[1] = C:\Users\yz\Desktop\ÉÕÂ¼\PL3000\PL3000-RW DATA_LCD\PL3000-RW DATA_LCD\Program\PL3000_STM8\Debug\Obj
[2] = command line
[3] = dbgstm8smd.a
[4] = dlstm8smf.a

  3 386 bytes of readonly  code memory
    192 bytes of readonly  data memory
    326 bytes of readwrite data memory

Errors: none
Warnings: none
