C51 COMPILER V9.56.0.0   UART                                                              05/29/2018 14:32:24 PAGE 1   


C51 COMPILER V9.56.0.0, COMPILATION OF MODULE UART
OBJECT MODULE PLACED IN .\Objects\UART.obj
COMPILER INVOKED BY: C:\Keil_v5\C51\BIN\C51.EXE User\UART.c OPTIMIZE(8,SPEED) BROWSE INCDIR(.\User;.\Option File) DEBUG 
                    -OBJECTEXTEND PRINT(.\Listings\UART.lst) TABS(2) OBJECT(.\Objects\UART.obj)

line level    source

   1          #include "UART.h"
   2          #include "protocol.h"
   3          #include "queue.h"
   4          #include "delay.h"
   5          
   6          uint8_t Receive_Buff[15];
   7          uint8_t Receive_Count = 0;
   8          uint8_t Receive_Data_Length;
   9          uint8_t Head_Flag = 0;
  10          uint8_t Receive_Buffer_Full_Flag = 0;
  11          
  12          extern uint8_t Analysis_Lock; 
  13          
  14          void Uart_Init(void)
  15          {
  16   1        /* IO Initialize */
  17   1        P05 = 1;
  18   1        UART_SEND;   /* transmission */
  19   1        P0M |= 0x24;  /* P0.5-->TX:OUT,DIRECTION_PIN P0.2:OUT */
  20   1        P0M &= ~0x40;  /* P0.6-->RX:IN */
  21   1        P0OC &= ~0x03;  /* P0.5 P0.6 OD disable */
  22   1        P0UR &= ~0x24;  /* P0.5,P0.2 Pull_up disable */
  23   1        P0UR |= 0x40;  /* P0.6 Pull_up able */
  24   1        
  25   1        PCON &= ~0x80;
  26   1        S0CON = 0x50;  /* Uart model 1, enable recvied, clean flag*/
  27   1        S0CON2 = 0x80;  /* baud rate controlled by S0RELH,S0RELL */
  28   1        S0RELH = 0x03;  /* Baud rate 38400 */
  29   1        S0RELL = 0xF3;
  30   1        UART_RECEIVE;   /* transmission */
  31   1        IEN0 |= 0x10;   /* enable uart Interrupt */
  32   1      }
  33          
  34          void Uart_SendByte(uint8_t Data)
  35          {
  36   1       
  37   1       S0BUF = Data;
  38   1       while(!(S0CON & 0x02));
  39   1       //S0BUF = Data;
  40   1       S0CON &= ~0x02;
  41   1       //Delay_N_10us(10);
  42   1      
  43   1      }
  44          
  45          
  46          void UartInterrupt(void) interrupt ISRUart
  47          {
  48   1        if(RI0 == 1)
  49   1        {
  50   2          RI0 = 0;      
  51   2          if(!Head_Flag)
  52   2          {
  53   3            if(S0BUF == BUS_HEADER)
  54   3            {
C51 COMPILER V9.56.0.0   UART                                                              05/29/2018 14:32:24 PAGE 2   

  55   4              Head_Flag = 1;
  56   4            }
  57   3          }else{
  58   3            if(S0BUF != BUS_END)
  59   3            {
  60   4             if(!Analysis_Lock)
  61   4             {         
  62   5              if(Receive_Count < 15)
  63   5              {
  64   6                Receive_Buffer_Full_Flag = 0;
  65   6                Receive_Buff[Receive_Count] = S0BUF;
  66   6                Receive_Count++;
  67   6              }else{
  68   6                Head_Flag = 0;
  69   6                Receive_Count = 0;
  70   6              }
  71   5             }else{
  72   5               Head_Flag = 0;
  73   5               Receive_Count = 0;
  74   5             }        
  75   4            }else{     
  76   4               Receive_Data_Length = Receive_Count;
  77   4               Head_Flag = 0;
  78   4               Receive_Count = 0;
  79   4               Receive_Buffer_Full_Flag = 1;
  80   4            }  
  81   3          }
  82   2        }
  83   1      } 


MODULE INFORMATION:   STATIC OVERLAYABLE
   CODE SIZE        =    138    ----
   CONSTANT SIZE    =   ----    ----
   XDATA SIZE       =   ----    ----
   PDATA SIZE       =   ----    ----
   DATA SIZE        =     19    ----
   IDATA SIZE       =   ----    ----
   BIT SIZE         =   ----    ----
END OF MODULE INFORMATION.


C51 COMPILATION COMPLETE.  0 WARNING(S),  0 ERROR(S)
